Archive member included to satisfy reference by file (symbol)

/home/uoftmda/altera_lite/15.1/nios2eds/bin/gnu/H-x86_64-pc-linux-gnu/bin/../lib/gcc/nios2-elf/4.9.2/../../../../../H-x86_64-pc-linux-gnu/nios2-elf/lib/mno-hw-mul/libm.a(lib_a-w_atan2.o)
                              obj/default/src/controller.o (atan2)
/home/uoftmda/altera_lite/15.1/nios2eds/bin/gnu/H-x86_64-pc-linux-gnu/bin/../lib/gcc/nios2-elf/4.9.2/../../../../../H-x86_64-pc-linux-gnu/nios2-elf/lib/mno-hw-mul/libm.a(lib_a-w_fmod.o)
                              obj/default/src/controller.o (fmod)
/home/uoftmda/altera_lite/15.1/nios2eds/bin/gnu/H-x86_64-pc-linux-gnu/bin/../lib/gcc/nios2-elf/4.9.2/../../../../../H-x86_64-pc-linux-gnu/nios2-elf/lib/mno-hw-mul/libm.a(lib_a-w_pow.o)
                              obj/default/src/pwm_force.o (pow)
/home/uoftmda/altera_lite/15.1/nios2eds/bin/gnu/H-x86_64-pc-linux-gnu/bin/../lib/gcc/nios2-elf/4.9.2/../../../../../H-x86_64-pc-linux-gnu/nios2-elf/lib/mno-hw-mul/libm.a(lib_a-w_sqrt.o)
                              obj/default/src/controller.o (sqrt)
/home/uoftmda/altera_lite/15.1/nios2eds/bin/gnu/H-x86_64-pc-linux-gnu/bin/../lib/gcc/nios2-elf/4.9.2/../../../../../H-x86_64-pc-linux-gnu/nios2-elf/lib/mno-hw-mul/libm.a(lib_a-e_atan2.o)
                              /home/uoftmda/altera_lite/15.1/nios2eds/bin/gnu/H-x86_64-pc-linux-gnu/bin/../lib/gcc/nios2-elf/4.9.2/../../../../../H-x86_64-pc-linux-gnu/nios2-elf/lib/mno-hw-mul/libm.a(lib_a-w_atan2.o) (__ieee754_atan2)
/home/uoftmda/altera_lite/15.1/nios2eds/bin/gnu/H-x86_64-pc-linux-gnu/bin/../lib/gcc/nios2-elf/4.9.2/../../../../../H-x86_64-pc-linux-gnu/nios2-elf/lib/mno-hw-mul/libm.a(lib_a-e_fmod.o)
                              /home/uoftmda/altera_lite/15.1/nios2eds/bin/gnu/H-x86_64-pc-linux-gnu/bin/../lib/gcc/nios2-elf/4.9.2/../../../../../H-x86_64-pc-linux-gnu/nios2-elf/lib/mno-hw-mul/libm.a(lib_a-w_fmod.o) (__ieee754_fmod)
/home/uoftmda/altera_lite/15.1/nios2eds/bin/gnu/H-x86_64-pc-linux-gnu/bin/../lib/gcc/nios2-elf/4.9.2/../../../../../H-x86_64-pc-linux-gnu/nios2-elf/lib/mno-hw-mul/libm.a(lib_a-e_pow.o)
                              /home/uoftmda/altera_lite/15.1/nios2eds/bin/gnu/H-x86_64-pc-linux-gnu/bin/../lib/gcc/nios2-elf/4.9.2/../../../../../H-x86_64-pc-linux-gnu/nios2-elf/lib/mno-hw-mul/libm.a(lib_a-w_pow.o) (__ieee754_pow)
/home/uoftmda/altera_lite/15.1/nios2eds/bin/gnu/H-x86_64-pc-linux-gnu/bin/../lib/gcc/nios2-elf/4.9.2/../../../../../H-x86_64-pc-linux-gnu/nios2-elf/lib/mno-hw-mul/libm.a(lib_a-e_sqrt.o)
                              /home/uoftmda/altera_lite/15.1/nios2eds/bin/gnu/H-x86_64-pc-linux-gnu/bin/../lib/gcc/nios2-elf/4.9.2/../../../../../H-x86_64-pc-linux-gnu/nios2-elf/lib/mno-hw-mul/libm.a(lib_a-w_sqrt.o) (__ieee754_sqrt)
/home/uoftmda/altera_lite/15.1/nios2eds/bin/gnu/H-x86_64-pc-linux-gnu/bin/../lib/gcc/nios2-elf/4.9.2/../../../../../H-x86_64-pc-linux-gnu/nios2-elf/lib/mno-hw-mul/libm.a(lib_a-s_atan.o)
                              /home/uoftmda/altera_lite/15.1/nios2eds/bin/gnu/H-x86_64-pc-linux-gnu/bin/../lib/gcc/nios2-elf/4.9.2/../../../../../H-x86_64-pc-linux-gnu/nios2-elf/lib/mno-hw-mul/libm.a(lib_a-e_atan2.o) (atan)
/home/uoftmda/altera_lite/15.1/nios2eds/bin/gnu/H-x86_64-pc-linux-gnu/bin/../lib/gcc/nios2-elf/4.9.2/../../../../../H-x86_64-pc-linux-gnu/nios2-elf/lib/mno-hw-mul/libm.a(lib_a-s_fabs.o)
                              /home/uoftmda/altera_lite/15.1/nios2eds/bin/gnu/H-x86_64-pc-linux-gnu/bin/../lib/gcc/nios2-elf/4.9.2/../../../../../H-x86_64-pc-linux-gnu/nios2-elf/lib/mno-hw-mul/libm.a(lib_a-e_atan2.o) (fabs)
/home/uoftmda/altera_lite/15.1/nios2eds/bin/gnu/H-x86_64-pc-linux-gnu/bin/../lib/gcc/nios2-elf/4.9.2/../../../../../H-x86_64-pc-linux-gnu/nios2-elf/lib/mno-hw-mul/libm.a(lib_a-s_finite.o)
                              /home/uoftmda/altera_lite/15.1/nios2eds/bin/gnu/H-x86_64-pc-linux-gnu/bin/../lib/gcc/nios2-elf/4.9.2/../../../../../H-x86_64-pc-linux-gnu/nios2-elf/lib/mno-hw-mul/libm.a(lib_a-w_pow.o) (finite)
/home/uoftmda/altera_lite/15.1/nios2eds/bin/gnu/H-x86_64-pc-linux-gnu/bin/../lib/gcc/nios2-elf/4.9.2/../../../../../H-x86_64-pc-linux-gnu/nios2-elf/lib/mno-hw-mul/libm.a(lib_a-s_fpclassify.o)
                              /home/uoftmda/altera_lite/15.1/nios2eds/bin/gnu/H-x86_64-pc-linux-gnu/bin/../lib/gcc/nios2-elf/4.9.2/../../../../../H-x86_64-pc-linux-gnu/nios2-elf/lib/mno-hw-mul/libm.a(lib_a-w_fmod.o) (__fpclassifyd)
/home/uoftmda/altera_lite/15.1/nios2eds/bin/gnu/H-x86_64-pc-linux-gnu/bin/../lib/gcc/nios2-elf/4.9.2/../../../../../H-x86_64-pc-linux-gnu/nios2-elf/lib/mno-hw-mul/libm.a(lib_a-s_lib_ver.o)
                              /home/uoftmda/altera_lite/15.1/nios2eds/bin/gnu/H-x86_64-pc-linux-gnu/bin/../lib/gcc/nios2-elf/4.9.2/../../../../../H-x86_64-pc-linux-gnu/nios2-elf/lib/mno-hw-mul/libm.a(lib_a-w_fmod.o) (__fdlib_version)
[...]
Memory Configuration

Name             Origin             Length             Attributes
reset            0x0000000001080000 0x0000000000000020
onchip_memory2_0 0x0000000001080020 0x0000000000040f92
*default*        0x0000000000000000 0xffffffffffffffff

Linker script and memory map

LOAD ../bsp/obj/HAL/src/crt0.o
LOAD obj/default/src/controller.o
LOAD obj/default/src/interrupts.o
LOAD obj/default/src/main.o
LOAD obj/default/src/pid.o
LOAD obj/default/src/pwm_force.o
LOAD obj/default/src/rs232.o
LOAD obj/default/src/utils.o
LOAD /home/uoftmda/altera_lite/15.1/nios2eds/bin/gnu/H-x86_64-pc-linux-gnu/bin/../lib/gcc/nios2-elf/4.9.2/../../../../../H-x86_64-pc-linux-gnu/nios2-elf/lib/mno-hw-mul/libstdc++.a
LOAD /home/uoftmda/altera_lite/15.1/nios2eds/bin/gnu/H-x86_64-pc-linux-gnu/bin/../lib/gcc/nios2-elf/4.9.2/../../../../../H-x86_64-pc-linux-gnu/nios2-elf/lib/mno-hw-mul/libm.a
LOAD /home/uoftmda/altera_lite/15.1/nios2eds/bin/gnu/H-x86_64-pc-linux-gnu/bin/../lib/gcc/nios2-elf/4.9.2/mno-hw-mul/libgcc.a
START GROUP
LOAD /home/uoftmda/altera_lite/15.1/nios2eds/bin/gnu/H-x86_64-pc-linux-gnu/bin/../lib/gcc/nios2-elf/4.9.2/../../../../../H-x86_64-pc-linux-gnu/nios2-elf/lib/mno-hw-mul/libc.a
LOAD /home/uoftmda/altera_lite/15.1/nios2eds/bin/gnu/H-x86_64-pc-linux-gnu/bin/../lib/gcc/nios2-elf/4.9.2/mno-hw-mul/libgcc.a
LOAD ../bsp/libhal_bsp.a
LOAD /home/uoftmda/altera_lite/15.1/nios2eds/bin/gnu/H-x86_64-pc-linux-gnu/bin/../lib/gcc/nios2-elf/4.9.2/../../../../../H-x86_64-pc-linux-gnu/nios2-elf/lib/mno-hw-mul/libm.a
END GROUP
LOAD /home/uoftmda/altera_lite/15.1/nios2eds/bin/gnu/H-x86_64-pc-linux-gnu/bin/../lib/gcc/nios2-elf/4.9.2/mno-hw-mul/libgcc.a
                0x0000000001080000                __alt_mem_onchip_memory2_0 = 0x1080000

.entry          0x0000000001080000       0x20
 *(.entry)
 .entry         0x0000000001080000       0x20 ../bsp/obj/HAL/src/crt0.o
                0x0000000001080000                __reset

.exceptions     0x0000000001080020      0x20c
                0x0000000001080020                PROVIDE (__ram_exceptions_start, ABSOLUTE (.))
                0x0000000001080020                . = ALIGN (0x20)
 *(.irq)
 *(.exceptions.entry.label)
 .exceptions.entry.label
                0x0000000001080020        0x0 ../bsp/libhal_bsp.a(alt_irq_entry.o)
                0x0000000001080020                alt_irq_entry
 .exceptions.entry.label
                0x0000000001080020        0x0 ../bsp/libhal_bsp.a(alt_exception_entry.o)
                0x0000000001080020                alt_exception
 *(.exceptions.entry.user)
 *(.exceptions.entry.ecc_fatal)
 *(.exceptions.entry)
 .exceptions.entry
                0x0000000001080020       0x54 ../bsp/libhal_bsp.a(alt_exception_entry.o)
 *(.exceptions.irqtest.user)
 *(.exceptions.irqtest)
 .exceptions.irqtest
                0x0000000001080074       0x10 ../bsp/libhal_bsp.a(alt_irq_entry.o)
 *(.exceptions.irqhandler.user)
 *(.exceptions.irqhandler)
 .exceptions.irqhandler
                0x0000000001080084        0x4 ../bsp/libhal_bsp.a(alt_irq_entry.o)
 *(.exceptions.irqreturn.user)
 *(.exceptions.irqreturn)
 .exceptions.irqreturn
                0x0000000001080088        0x4 ../bsp/libhal_bsp.a(alt_irq_entry.o)
 *(.exceptions.notirq.label)
 .exceptions.notirq.label
                0x000000000108008c        0x0 ../bsp/libhal_bsp.a(alt_irq_entry.o)
 *(.exceptions.notirq.user)
 *(.exceptions.notirq)
 .exceptions.notirq
                0x000000000108008c        0x8 ../bsp/libhal_bsp.a(alt_exception_entry.o)
 *(.exceptions.soft.user)
 *(.exceptions.soft)
 *(.exceptions.unknown.user)
 *(.exceptions.unknown)
 .exceptions.unknown
                0x0000000001080094       0x14 ../bsp/libhal_bsp.a(alt_exception_entry.o)
 *(.exceptions.exit.label)
 .exceptions.exit.label
                0x00000000010800a8        0x0 ../bsp/libhal_bsp.a(alt_irq_entry.o)
 .exceptions.exit.label
                0x00000000010800a8        0x0 ../bsp/libhal_bsp.a(alt_exception_entry.o)
 *(.exceptions.exit.user)
 *(.exceptions.exit)
 .exceptions.exit
                0x00000000010800a8       0x54 ../bsp/libhal_bsp.a(alt_exception_entry.o)
 *(.exceptions)
 .exceptions    0x00000000010800fc       0xd0 ../bsp/libhal_bsp.a(alt_irq_handler.o)
                0x00000000010800fc                alt_irq_handler
 .exceptions    0x00000000010801cc       0x60 ../bsp/libhal_bsp.a(alt_instruction_exception_entry.o)
                0x00000000010801cc                alt_instruction_exception_entry
                0x000000000108022c                PROVIDE (__ram_exceptions_end, ABSOLUTE (.))
                0x0000000001080020                PROVIDE (__flash_exceptions_start, LOADADDR (.exceptions))

.text           0x000000000108022c    0x1f770
                0x000000000108022c                PROVIDE (stext, ABSOLUTE (.))
 *(.interp)
 *(.hash)
 *(.dynsym)
 *(.dynstr)
 *(.gnu.version)
 *(.gnu.version_d)
 *(.gnu.version_r)
 *(.rel.init)
 *(.rela.init)
 *(.rel.text .rel.text.* .rel.gnu.linkonce.t.*)
 *(.rela.text .rela.text.* .rela.gnu.linkonce.t.*)
 *(.rel.fini)
 *(.rela.fini)
 *(.rel.rodata .rel.rodata.* .rel.gnu.linkonce.r.*)
 *(.rela.rodata .rela.rodata.* .rela.gnu.linkonce.r.*)
 *(.rel.data .rel.data.* .rel.gnu.linkonce.d.*)
 *(.rela.data .rela.data.* .rela.gnu.linkonce.d.*)
 *(.rel.tdata .rel.tdata.* .rel.gnu.linkonce.td.*)
 *(.rela.tdata .rela.tdata.* .rela.gnu.linkonce.td.*)
 *(.rel.tbss .rel.tbss.* .rel.gnu.linkonce.tb.*)
 *(.rela.tbss .rela.tbss.* .rela.gnu.linkonce.tb.*)
 *(.rel.ctors)
 *(.rela.ctors)
 *(.rel.dtors)
 *(.rela.dtors)
 *(.rel.got)
 *(.rela.got)
 *(.rel.sdata .rel.sdata.* .rel.gnu.linkonce.s.*)
 *(.rela.sdata .rela.sdata.* .rela.gnu.linkonce.s.*)
 *(.rel.sbss .rel.sbss.* .rel.gnu.linkonce.sb.*)
 *(.rela.sbss .rela.sbss.* .rela.gnu.linkonce.sb.*)
 *(.rel.sdata2 .rel.sdata2.* .rel.gnu.linkonce.s2.*)
 *(.rela.sdata2 .rela.sdata2.* .rela.gnu.linkonce.s2.*)
 *(.rel.sbss2 .rel.sbss2.* .rel.gnu.linkonce.sb2.*)
 *(.rela.sbss2 .rela.sbss2.* .rela.gnu.linkonce.sb2.*)
 *(.rel.bss .rel.bss.* .rel.gnu.linkonce.b.*)
 *(.rela.bss .rela.bss.* .rela.gnu.linkonce.b.*)
 *(.rel.plt)
 *(.rela.plt)
 *(.rel.dyn)
 *(.init)
 *(.plt)
 *(.text .stub .text.* .gnu.linkonce.t.*)
 .text          0x000000000108022c       0x3c ../bsp/obj/HAL/src/crt0.o
                0x000000000108022c                _start
 .text          0x0000000001080268     0x106c obj/default/src/controller.o
                0x0000000001080268                set_target_speed
                0x0000000001080278                set_target_heading
                0x0000000001080288                set_target_depth
                0x0000000001080298                update_depth_reading
                0x000000000108030c                get_average_depth
                0x0000000001080328                get_orientation
                0x0000000001080474                set_pid_constants
                0x000000000108051c                pid_init
                0x0000000001080638                set_pid_constants_pitch
                0x00000000010806e4                set_pid_constants_roll
                0x0000000001080790                set_pid_constants_yaw
                0x000000000108083c                set_pid_constants_depth
                0x00000000010808e8                motor_force_to_pwm
                0x0000000001080924                stabilizing_motors_force_to_pwm
                0x0000000001080cb4                calculate_pid
                0x0000000001081208                print_debug_controller
 .text          0x00000000010812d4      0x3f4 obj/default/src/interrupts.o
                0x000000000108159c                get_user_depth
                0x00000000010815ac                set_controller
                0x000000000108162c                init_interrupts
 .text          0x00000000010816c8      0x8f8 obj/default/src/main.o
                0x00000000010816c8                print_help
                0x000000000108178c                process_command
 .text.startup  0x0000000001081fc0       0x24 obj/default/src/main.o
                0x0000000001081fc0                main
 .text          0x0000000001081fe4      0x240 obj/default/src/pid.o
                0x0000000001081fe4                PID_Reset
                0x0000000001082014                PID_Update
                0x0000000001082180                PID_Output
 .text          0x0000000001082224      0x608 obj/default/src/pwm_force.o
                0x0000000001082224                inverse_cubic
                0x0000000001082408                init_lookup
                0x0000000001082648                pwm_of_force
 .text          0x000000000108282c      0x608 obj/default/src/rs232.o
                0x000000000108292c                get_imu_orientation
                0x0000000001082948                rs232_init
                0x00000000010829a0                checksum_byte
                0x00000000010829e0                checksum_short
                0x0000000001082a60                write_cmd
                0x0000000001082ca4                rs232_shell
                0x0000000001082cf8                write_str
 .text          0x0000000001082e34      0x684 obj/default/src/utils.o
                0x0000000001082e34                init
                0x0000000001082ffc                alt_getline
                0x00000000010830b8                service_main_loop
                0x00000000010830d4                read_hex
                0x00000000010831cc                print_int
                0x00000000010831dc                set_pow
                0x00000000010831ec                set_motor_dir
                0x00000000010832c4                get_motor_dir
                0x00000000010832e4                set_motor_duty_cycle
                0x00000000010833c4                set_pwm_freq
                0x0000000001083430                get_motor_duty_cycle
                0x000000000108345c                get_pwm_freq
                0x00000000010834a8                get_depth
 .text          0x00000000010834b8        0x0 /home/uoftmda/altera_lite/15.1/nios2eds/bin/gnu/H-x86_64-pc-linux-gnu/bin/../lib/gcc/nios2-elf/4.9.2/../../../../../H-x86_64-pc-linux-gnu/nios2-elf/lib/mno-hw-mul/libm.a(lib_a-w_atan2.o)
 .text.atan2    0x00000000010834b8        0x4 /home/uoftmda/altera_lite/15.1/nios2eds/bin/gnu/H-x86_64-pc-linux-gnu/bin/../lib/gcc/nios2-elf/4.9.2/../../../../../H-x86_64-pc-linux-gnu/nios2-elf/lib/mno-hw-mul/libm.a(lib_a-w_atan2.o)
                0x00000000010834b8                atan2
 .text          0x00000000010834bc        0x0 /home/uoftmda/altera_lite/15.1/nios2eds/bin/gnu/H-x86_64-pc-linux-gnu/bin/../lib/gcc/nios2-elf/4.9.2/../../../../../H-x86_64-pc-linux-gnu/nios2-elf/lib/mno-hw-mul/libm.a(lib_a-w_fmod.o)
 .text.fmod     0x00000000010834bc      0x158 /home/uoftmda/altera_lite/15.1/nios2eds/bin/gnu/H-x86_64-pc-linux-gnu/bin/../lib/gcc/nios2-elf/4.9.2/../../../../../H-x86_64-pc-linux-gnu/nios2-elf/lib/mno-hw-mul/libm.a(lib_a-w_fmod.o)
                0x00000000010834bc                fmod
 .text          0x0000000001083614        0x0 /home/uoftmda/altera_lite/15.1/nios2eds/bin/gnu/H-x86_64-pc-linux-gnu/bin/../lib/gcc/nios2-elf/4.9.2/../../../../../H-x86_64-pc-linux-gnu/nios2-elf/lib/mno-hw-mul/libm.a(lib_a-w_pow.o)
 .text.pow      0x0000000001083614      0x4a4 /home/uoftmda/altera_lite/15.1/nios2eds/bin/gnu/H-x86_64-pc-linux-gnu/bin/../lib/gcc/nios2-elf/4.9.2/../../../../../H-x86_64-pc-linux-gnu/nios2-elf/lib/mno-hw-mul/libm.a(lib_a-w_pow.o)
                0x0000000001083614                pow
 .text          0x0000000001083ab8        0x0 /home/uoftmda/altera_lite/15.1/nios2eds/bin/gnu/H-x86_64-pc-linux-gnu/bin/../lib/gcc/nios2-elf/4.9.2/../../../../../H-x86_64-pc-linux-gnu/nios2-elf/lib/mno-hw-mul/libm.a(lib_a-w_sqrt.o)
 .text.sqrt     0x0000000001083ab8      0x130 /home/uoftmda/altera_lite/15.1/nios2eds/bin/gnu/H-x86_64-pc-linux-gnu/bin/../lib/gcc/nios2-elf/4.9.2/../../../../../H-x86_64-pc-linux-gnu/nios2-elf/lib/mno-hw-mul/libm.a(lib_a-w_sqrt.o)
                0x0000000001083ab8                sqrt
 .text          0x0000000001083be8        0x0 /home/uoftmda/altera_lite/15.1/nios2eds/bin/gnu/H-x86_64-pc-linux-gnu/bin/../lib/gcc/nios2-elf/4.9.2/../../../../../H-x86_64-pc-linux-gnu/nios2-elf/lib/mno-hw-mul/libm.a(lib_a-e_atan2.o)
 .text.__ieee754_atan2
                0x0000000001083be8      0x2d4 /home/uoftmda/altera_lite/15.1/nios2eds/bin/gnu/H-x86_64-pc-linux-gnu/bin/../lib/gcc/nios2-elf/4.9.2/../../../../../H-x86_64-pc-linux-gnu/nios2-elf/lib/mno-hw-mul/libm.a(lib_a-e_atan2.o)
                0x0000000001083be8                __ieee754_atan2
 .text          0x0000000001083ebc        0x0 /home/uoftmda/altera_lite/15.1/nios2eds/bin/gnu/H-x86_64-pc-linux-gnu/bin/../lib/gcc/nios2-elf/4.9.2/../../../../../H-x86_64-pc-linux-gnu/nios2-elf/lib/mno-hw-mul/libm.a(lib_a-e_fmod.o)
 .text.__ieee754_fmod
                0x0000000001083ebc      0x330 /home/uoftmda/altera_lite/15.1/nios2eds/bin/gnu/H-x86_64-pc-linux-gnu/bin/../lib/gcc/nios2-elf/4.9.2/../../../../../H-x86_64-pc-linux-gnu/nios2-elf/lib/mno-hw-mul/libm.a(lib_a-e_fmod.o)
                0x0000000001083ebc                __ieee754_fmod
 .text          0x00000000010841ec        0x0 /home/uoftmda/altera_lite/15.1/nios2eds/bin/gnu/H-x86_64-pc-linux-gnu/bin/../lib/gcc/nios2-elf/4.9.2/../../../../../H-x86_64-pc-linux-gnu/nios2-elf/lib/mno-hw-mul/libm.a(lib_a-e_pow.o)
 .text.__ieee754_pow
                0x00000000010841ec     0x10cc /home/uoftmda/altera_lite/15.1/nios2eds/bin/gnu/H-x86_64-pc-linux-gnu/bin/../lib/gcc/nios2-elf/4.9.2/../../../../../H-x86_64-pc-linux-gnu/nios2-elf/lib/mno-hw-mul/libm.a(lib_a-e_pow.o)
                0x00000000010841ec                __ieee754_pow
 .text          0x00000000010852b8        0x0 /home/uoftmda/altera_lite/15.1/nios2eds/bin/gnu/H-x86_64-pc-linux-gnu/bin/../lib/gcc/nios2-elf/4.9.2/../../../../../H-x86_64-pc-linux-gnu/nios2-elf/lib/mno-hw-mul/libm.a(lib_a-e_sqrt.o)
 .text.__ieee754_sqrt
                0x00000000010852b8      0x294 /home/uoftmda/altera_lite/15.1/nios2eds/bin/gnu/H-x86_64-pc-linux-gnu/bin/../lib/gcc/nios2-elf/4.9.2/../../../../../H-x86_64-pc-linux-gnu/nios2-elf/lib/mno-hw-mul/libm.a(lib_a-e_sqrt.o)
                0x00000000010852b8                __ieee754_sqrt
 .text          0x000000000108554c        0x0 /home/uoftmda/altera_lite/15.1/nios2eds/bin/gnu/H-x86_64-pc-linux-gnu/bin/../lib/gcc/nios2-elf/4.9.2/../../../../../H-x86_64-pc-linux-gnu/nios2-elf/lib/mno-hw-mul/libm.a(lib_a-s_atan.o)
 .text.atan     0x000000000108554c      0x580 /home/uoftmda/altera_lite/15.1/nios2eds/bin/gnu/H-x86_64-pc-linux-gnu/bin/../lib/gcc/nios2-elf/4.9.2/../../../../../H-x86_64-pc-linux-gnu/nios2-elf/lib/mno-hw-mul/libm.a(lib_a-s_atan.o)
                0x000000000108554c                atan
 .text          0x0000000001085acc        0x0 /home/uoftmda/altera_lite/15.1/nios2eds/bin/gnu/H-x86_64-pc-linux-gnu/bin/../lib/gcc/nios2-elf/4.9.2/../../../../../H-x86_64-pc-linux-gnu/nios2-elf/lib/mno-hw-mul/libm.a(lib_a-s_fabs.o)
 .text.fabs     0x0000000001085acc       0x14 /home/uoftmda/altera_lite/15.1/nios2eds/bin/gnu/H-x86_64-pc-linux-gnu/bin/../lib/gcc/nios2-elf/4.9.2/../../../../../H-x86_64-pc-linux-gnu/nios2-elf/lib/mno-hw-mul/libm.a(lib_a-s_fabs.o)
                0x0000000001085acc                fabs
 .text          0x0000000001085ae0        0x0 /home/uoftmda/altera_lite/15.1/nios2eds/bin/gnu/H-x86_64-pc-linux-gnu/bin/../lib/gcc/nios2-elf/4.9.2/../../../../../H-x86_64-pc-linux-gnu/nios2-elf/lib/mno-hw-mul/libm.a(lib_a-s_finite.o)
 .text.finite   0x0000000001085ae0       0x1c /home/uoftmda/altera_lite/15.1/nios2eds/bin/gnu/H-x86_64-pc-linux-gnu/bin/../lib/gcc/nios2-elf/4.9.2/../../../../../H-x86_64-pc-linux-gnu/nios2-elf/lib/mno-hw-mul/libm.a(lib_a-s_finite.o)
                0x0000000001085ae0                finite
 .text          0x0000000001085afc        0x0 /home/uoftmda/altera_lite/15.1/nios2eds/bin/gnu/H-x86_64-pc-linux-gnu/bin/../lib/gcc/nios2-elf/4.9.2/../../../../../H-x86_64-pc-linux-gnu/nios2-elf/lib/mno-hw-mul/libm.a(lib_a-s_fpclassify.o)
 .text.__fpclassifyd
                0x0000000001085afc       0x74 /home/uoftmda/altera_lite/15.1/nios2eds/bin/gnu/H-x86_64-pc-linux-gnu/bin/../lib/gcc/nios2-elf/4.9.2/../../../../../H-x86_64-pc-linux-gnu/nios2-elf/lib/mno-hw-mul/libm.a(lib_a-s_fpclassify.o)
                0x0000000001085afc                __fpclassifyd
 .text          0x0000000001085b70        0x0 /home/uoftmda/altera_lite/15.1/nios2eds/bin/gnu/H-x86_64-pc-linux-gnu/bin/../lib/gcc/nios2-elf/4.9.2/../../../../../H-x86_64-pc-linux-gnu/nios2-elf/lib/mno-hw-mul/libm.a(lib_a-s_lib_ver.o)
 .text          0x0000000001085b70        0x0 /home/uoftmda/altera_lite/15.1/nios2eds/bin/gnu/H-x86_64-pc-linux-gnu/bin/../lib/gcc/nios2-elf/4.9.2/../../../../../H-x86_64-pc-linux-gnu/nios2-elf/lib/mno-hw-mul/libm.a(lib_a-s_matherr.o)
 .text.matherr  0x0000000001085b70        0x8 /home/uoftmda/altera_lite/15.1/nios2eds/bin/gnu/H-x86_64-pc-linux-gnu/bin/../lib/gcc/nios2-elf/4.9.2/../../../../../H-x86_64-pc-linux-gnu/nios2-elf/lib/mno-hw-mul/libm.a(lib_a-s_matherr.o)
                0x0000000001085b70                matherr
 .text          0x0000000001085b78        0x0 /home/uoftmda/altera_lite/15.1/nios2eds/bin/gnu/H-x86_64-pc-linux-gnu/bin/../lib/gcc/nios2-elf/4.9.2/../../../../../H-x86_64-pc-linux-gnu/nios2-elf/lib/mno-hw-mul/libm.a(lib_a-s_nan.o)
 .text.nan      0x0000000001085b78        0xc /home/uoftmda/altera_lite/15.1/nios2eds/bin/gnu/H-x86_64-pc-linux-gnu/bin/../lib/gcc/nios2-elf/4.9.2/../../../../../H-x86_64-pc-linux-gnu/nios2-elf/lib/mno-hw-mul/libm.a(lib_a-s_nan.o)
                0x0000000001085b78                nan
 .text          0x0000000001085b84        0x0 /home/uoftmda/altera_lite/15.1/nios2eds/bin/gnu/H-x86_64-pc-linux-gnu/bin/../lib/gcc/nios2-elf/4.9.2/../../../../../H-x86_64-pc-linux-gnu/nios2-elf/lib/mno-hw-mul/libm.a(lib_a-s_rint.o)
 .text.rint     0x0000000001085b84      0x1e4 /home/uoftmda/altera_lite/15.1/nios2eds/bin/gnu/H-x86_64-pc-linux-gnu/bin/../lib/gcc/nios2-elf/4.9.2/../../../../../H-x86_64-pc-linux-gnu/nios2-elf/lib/mno-hw-mul/libm.a(lib_a-s_rint.o)
                0x0000000001085b84                rint
 .text          0x0000000001085d68        0x0 /home/uoftmda/altera_lite/15.1/nios2eds/bin/gnu/H-x86_64-pc-linux-gnu/bin/../lib/gcc/nios2-elf/4.9.2/../../../../../H-x86_64-pc-linux-gnu/nios2-elf/lib/mno-hw-mul/libm.a(lib_a-s_scalbn.o)
 .text.scalbn   0x0000000001085d68      0x1cc /home/uoftmda/altera_lite/15.1/nios2eds/bin/gnu/H-x86_64-pc-linux-gnu/bin/../lib/gcc/nios2-elf/4.9.2/../../../../../H-x86_64-pc-linux-gnu/nios2-elf/lib/mno-hw-mul/libm.a(lib_a-s_scalbn.o)
                0x0000000001085d68                scalbn
 .text          0x0000000001085f34        0x0 /home/uoftmda/altera_lite/15.1/nios2eds/bin/gnu/H-x86_64-pc-linux-gnu/bin/../lib/gcc/nios2-elf/4.9.2/../../../../../H-x86_64-pc-linux-gnu/nios2-elf/lib/mno-hw-mul/libm.a(lib_a-s_copysign.o)
 .text.copysign
                0x0000000001085f34       0x1c /home/uoftmda/altera_lite/15.1/nios2eds/bin/gnu/H-x86_64-pc-linux-gnu/bin/../lib/gcc/nios2-elf/4.9.2/../../../../../H-x86_64-pc-linux-gnu/nios2-elf/lib/mno-hw-mul/libm.a(lib_a-s_copysign.o)
                0x0000000001085f34                copysign
 .text          0x0000000001085f50      0x12c /home/uoftmda/altera_lite/15.1/nios2eds/bin/gnu/H-x86_64-pc-linux-gnu/bin/../lib/gcc/nios2-elf/4.9.2/mno-hw-mul/libgcc.a(lib2-divmod.o)
                0x0000000001085fbc                __divsi3
                0x0000000001086010                __modsi3
                0x000000000108606c                __udivsi3
                0x0000000001086074                __umodsi3
 .text          0x000000000108607c        0x0 /home/uoftmda/altera_lite/15.1/nios2eds/bin/gnu/H-x86_64-pc-linux-gnu/bin/../lib/gcc/nios2-elf/4.9.2/mno-hw-mul/libgcc.a(lib2-divtable.o)
 .text          0x000000000108607c       0x28 /home/uoftmda/altera_lite/15.1/nios2eds/bin/gnu/H-x86_64-pc-linux-gnu/bin/../lib/gcc/nios2-elf/4.9.2/mno-hw-mul/libgcc.a(lib2-mul.o)
                0x000000000108607c                __mulsi3
 .text          0x00000000010860a4      0x450 /home/uoftmda/altera_lite/15.1/nios2eds/bin/gnu/H-x86_64-pc-linux-gnu/bin/../lib/gcc/nios2-elf/4.9.2/mno-hw-mul/libgcc.a(divsf3.o)
                0x00000000010860a4                __divsf3
 .text          0x00000000010864f4       0x78 /home/uoftmda/altera_lite/15.1/nios2eds/bin/gnu/H-x86_64-pc-linux-gnu/bin/../lib/gcc/nios2-elf/4.9.2/mno-hw-mul/libgcc.a(fixsfsi.o)
                0x00000000010864f4                __fixsfsi
 .text          0x000000000108656c      0x89c /home/uoftmda/altera_lite/15.1/nios2eds/bin/gnu/H-x86_64-pc-linux-gnu/bin/../lib/gcc/nios2-elf/4.9.2/mno-hw-mul/libgcc.a(adddf3.o)
                0x000000000108656c                __adddf3
 .text          0x0000000001086e08      0x980 /home/uoftmda/altera_lite/15.1/nios2eds/bin/gnu/H-x86_64-pc-linux-gnu/bin/../lib/gcc/nios2-elf/4.9.2/mno-hw-mul/libgcc.a(divdf3.o)
                0x0000000001086e08                __divdf3
 .text          0x0000000001087788       0x84 /home/uoftmda/altera_lite/15.1/nios2eds/bin/gnu/H-x86_64-pc-linux-gnu/bin/../lib/gcc/nios2-elf/4.9.2/mno-hw-mul/libgcc.a(eqdf2.o)
                0x0000000001087788                __eqdf2
                0x0000000001087788                __nedf2
 .text          0x000000000108780c       0xe0 /home/uoftmda/altera_lite/15.1/nios2eds/bin/gnu/H-x86_64-pc-linux-gnu/bin/../lib/gcc/nios2-elf/4.9.2/mno-hw-mul/libgcc.a(gedf2.o)
                0x000000000108780c                __gtdf2
                0x000000000108780c                __gedf2
 .text          0x00000000010878ec       0xe0 /home/uoftmda/altera_lite/15.1/nios2eds/bin/gnu/H-x86_64-pc-linux-gnu/bin/../lib/gcc/nios2-elf/4.9.2/mno-hw-mul/libgcc.a(ledf2.o)
                0x00000000010878ec                __ltdf2
                0x00000000010878ec                __ledf2
 .text          0x00000000010879cc      0x86c /home/uoftmda/altera_lite/15.1/nios2eds/bin/gnu/H-x86_64-pc-linux-gnu/bin/../lib/gcc/nios2-elf/4.9.2/mno-hw-mul/libgcc.a(muldf3.o)
                0x00000000010879cc                __muldf3
 .text          0x0000000001088238      0x8d0 /home/uoftmda/altera_lite/15.1/nios2eds/bin/gnu/H-x86_64-pc-linux-gnu/bin/../lib/gcc/nios2-elf/4.9.2/mno-hw-mul/libgcc.a(subdf3.o)
                0x0000000001088238                __subdf3
 .text          0x0000000001088b08       0x88 /home/uoftmda/altera_lite/15.1/nios2eds/bin/gnu/H-x86_64-pc-linux-gnu/bin/../lib/gcc/nios2-elf/4.9.2/mno-hw-mul/libgcc.a(fixdfsi.o)
                0x0000000001088b08                __fixdfsi
 .text          0x0000000001088b90       0xd0 /home/uoftmda/altera_lite/15.1/nios2eds/bin/gnu/H-x86_64-pc-linux-gnu/bin/../lib/gcc/nios2-elf/4.9.2/mno-hw-mul/libgcc.a(floatsidf.o)
                0x0000000001088b90                __floatsidf
 .text          0x0000000001088c60      0x110 /home/uoftmda/altera_lite/15.1/nios2eds/bin/gnu/H-x86_64-pc-linux-gnu/bin/../lib/gcc/nios2-elf/4.9.2/mno-hw-mul/libgcc.a(extendsfdf2.o)
                0x0000000001088c60                __extendsfdf2
 .text          0x0000000001088d70      0x198 /home/uoftmda/altera_lite/15.1/nios2eds/bin/gnu/H-x86_64-pc-linux-gnu/bin/../lib/gcc/nios2-elf/4.9.2/mno-hw-mul/libgcc.a(truncdfsf2.o)
                0x0000000001088d70                __truncdfsf2
 .text          0x0000000001088f08       0x64 /home/uoftmda/altera_lite/15.1/nios2eds/bin/gnu/H-x86_64-pc-linux-gnu/bin/../lib/gcc/nios2-elf/4.9.2/mno-hw-mul/libgcc.a(_clzsi2.o)
                0x0000000001088f08                __clzsi2
 .text          0x0000000001088f6c        0x0 /home/uoftmda/altera_lite/15.1/nios2eds/bin/gnu/H-x86_64-pc-linux-gnu/bin/../lib/gcc/nios2-elf/4.9.2/mno-hw-mul/libgcc.a(_clz.o)
 .text          0x0000000001088f6c        0x0 /home/uoftmda/altera_lite/15.1/nios2eds/bin/gnu/H-x86_64-pc-linux-gnu/bin/../lib/gcc/nios2-elf/4.9.2/../../../../../H-x86_64-pc-linux-gnu/nios2-elf/lib/mno-hw-mul/libc.a(lib_a-errno.o)
 .text.__errno  0x0000000001088f6c       0x10 /home/uoftmda/altera_lite/15.1/nios2eds/bin/gnu/H-x86_64-pc-linux-gnu/bin/../lib/gcc/nios2-elf/4.9.2/../../../../../H-x86_64-pc-linux-gnu/nios2-elf/lib/mno-hw-mul/libc.a(lib_a-errno.o)
                0x0000000001088f6c                __errno
 .text          0x0000000001088f7c        0x0 /home/uoftmda/altera_lite/15.1/nios2eds/bin/gnu/H-x86_64-pc-linux-gnu/bin/../lib/gcc/nios2-elf/4.9.2/../../../../../H-x86_64-pc-linux-gnu/nios2-elf/lib/mno-hw-mul/libc.a(lib_a-impure.o)
 .text          0x0000000001088f7c        0x0 /home/uoftmda/altera_lite/15.1/nios2eds/bin/gnu/H-x86_64-pc-linux-gnu/bin/../lib/gcc/nios2-elf/4.9.2/../../../../../H-x86_64-pc-linux-gnu/nios2-elf/lib/mno-hw-mul/libc.a(lib_a-printf.o)
 .text._printf_r
                0x0000000001088f7c       0x2c /home/uoftmda/altera_lite/15.1/nios2eds/bin/gnu/H-x86_64-pc-linux-gnu/bin/../lib/gcc/nios2-elf/4.9.2/../../../../../H-x86_64-pc-linux-gnu/nios2-elf/lib/mno-hw-mul/libc.a(lib_a-printf.o)
                0x0000000001088f7c                _printf_r
 .text.printf   0x0000000001088fa8       0x3c /home/uoftmda/altera_lite/15.1/nios2eds/bin/gnu/H-x86_64-pc-linux-gnu/bin/../lib/gcc/nios2-elf/4.9.2/../../../../../H-x86_64-pc-linux-gnu/nios2-elf/lib/mno-hw-mul/libc.a(lib_a-printf.o)
                0x0000000001088fa8                printf
 .text          0x0000000001088fe4        0x0 /home/uoftmda/altera_lite/15.1/nios2eds/bin/gnu/H-x86_64-pc-linux-gnu/bin/../lib/gcc/nios2-elf/4.9.2/../../../../../H-x86_64-pc-linux-gnu/nios2-elf/lib/mno-hw-mul/libc.a(lib_a-puts.o)
 .text._puts_r  0x0000000001088fe4       0xa8 /home/uoftmda/altera_lite/15.1/nios2eds/bin/gnu/H-x86_64-pc-linux-gnu/bin/../lib/gcc/nios2-elf/4.9.2/../../../../../H-x86_64-pc-linux-gnu/nios2-elf/lib/mno-hw-mul/libc.a(lib_a-puts.o)
                0x0000000001088fe4                _puts_r
 .text.puts     0x000000000108908c       0x14 /home/uoftmda/altera_lite/15.1/nios2eds/bin/gnu/H-x86_64-pc-linux-gnu/bin/../lib/gcc/nios2-elf/4.9.2/../../../../../H-x86_64-pc-linux-gnu/nios2-elf/lib/mno-hw-mul/libc.a(lib_a-puts.o)
                0x000000000108908c                puts
 .text          0x00000000010890a0        0x0 /home/uoftmda/altera_lite/15.1/nios2eds/bin/gnu/H-x86_64-pc-linux-gnu/bin/../lib/gcc/nios2-elf/4.9.2/../../../../../H-x86_64-pc-linux-gnu/nios2-elf/lib/mno-hw-mul/libc.a(lib_a-sprintf.o)
 .text._sprintf_r
                0x00000000010890a0       0x58 /home/uoftmda/altera_lite/15.1/nios2eds/bin/gnu/H-x86_64-pc-linux-gnu/bin/../lib/gcc/nios2-elf/4.9.2/../../../../../H-x86_64-pc-linux-gnu/nios2-elf/lib/mno-hw-mul/libc.a(lib_a-sprintf.o)
                0x00000000010890a0                _sprintf_r
 .text.sprintf  0x00000000010890f8       0x6c /home/uoftmda/altera_lite/15.1/nios2eds/bin/gnu/H-x86_64-pc-linux-gnu/bin/../lib/gcc/nios2-elf/4.9.2/../../../../../H-x86_64-pc-linux-gnu/nios2-elf/lib/mno-hw-mul/libc.a(lib_a-sprintf.o)
                0x00000000010890f8                sprintf
 .text          0x0000000001089164        0x0 /home/uoftmda/altera_lite/15.1/nios2eds/bin/gnu/H-x86_64-pc-linux-gnu/bin/../lib/gcc/nios2-elf/4.9.2/../../../../../H-x86_64-pc-linux-gnu/nios2-elf/lib/mno-hw-mul/libc.a(lib_a-sscanf.o)
 .text.sscanf   0x0000000001089164       0x7c /home/uoftmda/altera_lite/15.1/nios2eds/bin/gnu/H-x86_64-pc-linux-gnu/bin/../lib/gcc/nios2-elf/4.9.2/../../../../../H-x86_64-pc-linux-gnu/nios2-elf/lib/mno-hw-mul/libc.a(lib_a-sscanf.o)
                0x0000000001089164                sscanf
 .text._sscanf_r
                0x00000000010891e0       0x78 /home/uoftmda/altera_lite/15.1/nios2eds/bin/gnu/H-x86_64-pc-linux-gnu/bin/../lib/gcc/nios2-elf/4.9.2/../../../../../H-x86_64-pc-linux-gnu/nios2-elf/lib/mno-hw-mul/libc.a(lib_a-sscanf.o)
                0x00000000010891e0                _sscanf_r
 .text          0x0000000001089258        0x0 /home/uoftmda/altera_lite/15.1/nios2eds/bin/gnu/H-x86_64-pc-linux-gnu/bin/../lib/gcc/nios2-elf/4.9.2/../../../../../H-x86_64-pc-linux-gnu/nios2-elf/lib/mno-hw-mul/libc.a(lib_a-stdio.o)
 .text.__sread  0x0000000001089258       0x54 /home/uoftmda/altera_lite/15.1/nios2eds/bin/gnu/H-x86_64-pc-linux-gnu/bin/../lib/gcc/nios2-elf/4.9.2/../../../../../H-x86_64-pc-linux-gnu/nios2-elf/lib/mno-hw-mul/libc.a(lib_a-stdio.o)
                0x0000000001089258                __sread
 .text.__seofread
                0x00000000010892ac        0x8 /home/uoftmda/altera_lite/15.1/nios2eds/bin/gnu/H-x86_64-pc-linux-gnu/bin/../lib/gcc/nios2-elf/4.9.2/../../../../../H-x86_64-pc-linux-gnu/nios2-elf/lib/mno-hw-mul/libc.a(lib_a-stdio.o)
                0x00000000010892ac                __seofread
 .text.__swrite
                0x00000000010892b4       0x7c /home/uoftmda/altera_lite/15.1/nios2eds/bin/gnu/H-x86_64-pc-linux-gnu/bin/../lib/gcc/nios2-elf/4.9.2/../../../../../H-x86_64-pc-linux-gnu/nios2-elf/lib/mno-hw-mul/libc.a(lib_a-stdio.o)
                0x00000000010892b4                __swrite
 .text.__sseek  0x0000000001089330       0x5c /home/uoftmda/altera_lite/15.1/nios2eds/bin/gnu/H-x86_64-pc-linux-gnu/bin/../lib/gcc/nios2-elf/4.9.2/../../../../../H-x86_64-pc-linux-gnu/nios2-elf/lib/mno-hw-mul/libc.a(lib_a-stdio.o)
                0x0000000001089330                __sseek
 .text.__sclose
                0x000000000108938c        0x8 /home/uoftmda/altera_lite/15.1/nios2eds/bin/gnu/H-x86_64-pc-linux-gnu/bin/../lib/gcc/nios2-elf/4.9.2/../../../../../H-x86_64-pc-linux-gnu/nios2-elf/lib/mno-hw-mul/libc.a(lib_a-stdio.o)
                0x000000000108938c                __sclose
 .text          0x0000000001089394        0x0 /home/uoftmda/altera_lite/15.1/nios2eds/bin/gnu/H-x86_64-pc-linux-gnu/bin/../lib/gcc/nios2-elf/4.9.2/../../../../../H-x86_64-pc-linux-gnu/nios2-elf/lib/mno-hw-mul/libc.a(lib_a-strcmp.o)
 .text.strcmp   0x0000000001089394       0xa4 /home/uoftmda/altera_lite/15.1/nios2eds/bin/gnu/H-x86_64-pc-linux-gnu/bin/../lib/gcc/nios2-elf/4.9.2/../../../../../H-x86_64-pc-linux-gnu/nios2-elf/lib/mno-hw-mul/libc.a(lib_a-strcmp.o)
                0x0000000001089394                strcmp
 .text          0x0000000001089438        0x0 /home/uoftmda/altera_lite/15.1/nios2eds/bin/gnu/H-x86_64-pc-linux-gnu/bin/../lib/gcc/nios2-elf/4.9.2/../../../../../H-x86_64-pc-linux-gnu/nios2-elf/lib/mno-hw-mul/libc.a(lib_a-strlen.o)
 .text.strlen   0x0000000001089438       0x98 /home/uoftmda/altera_lite/15.1/nios2eds/bin/gnu/H-x86_64-pc-linux-gnu/bin/../lib/gcc/nios2-elf/4.9.2/../../../../../H-x86_64-pc-linux-gnu/nios2-elf/lib/mno-hw-mul/libc.a(lib_a-strlen.o)
                0x0000000001089438                strlen
 .text          0x00000000010894d0        0x0 /home/uoftmda/altera_lite/15.1/nios2eds/bin/gnu/H-x86_64-pc-linux-gnu/bin/../lib/gcc/nios2-elf/4.9.2/../../../../../H-x86_64-pc-linux-gnu/nios2-elf/lib/mno-hw-mul/libc.a(lib_a-strncmp.o)
 .text.strncmp  0x00000000010894d0       0xc0 /home/uoftmda/altera_lite/15.1/nios2eds/bin/gnu/H-x86_64-pc-linux-gnu/bin/../lib/gcc/nios2-elf/4.9.2/../../../../../H-x86_64-pc-linux-gnu/nios2-elf/lib/mno-hw-mul/libc.a(lib_a-strncmp.o)
                0x00000000010894d0                strncmp
 .text          0x0000000001089590        0x0 /home/uoftmda/altera_lite/15.1/nios2eds/bin/gnu/H-x86_64-pc-linux-gnu/bin/../lib/gcc/nios2-elf/4.9.2/../../../../../H-x86_64-pc-linux-gnu/nios2-elf/lib/mno-hw-mul/libc.a(lib_a-svfprintf.o)
 .text.___svfprintf_internal_r
                0x0000000001089590     0x2078 /home/uoftmda/altera_lite/15.1/nios2eds/bin/gnu/H-x86_64-pc-linux-gnu/bin/../lib/gcc/nios2-elf/4.9.2/../../../../../H-x86_64-pc-linux-gnu/nios2-elf/lib/mno-hw-mul/libc.a(lib_a-svfprintf.o)
                0x0000000001089590                ___svfprintf_internal_r
 .text          0x000000000108b608        0x0 /home/uoftmda/altera_lite/15.1/nios2eds/bin/gnu/H-x86_64-pc-linux-gnu/bin/../lib/gcc/nios2-elf/4.9.2/../../../../../H-x86_64-pc-linux-gnu/nios2-elf/lib/mno-hw-mul/libc.a(lib_a-svfscanf.o)
 .text.__ssvfscanf_r
                0x000000000108b608     0x16e0 /home/uoftmda/altera_lite/15.1/nios2eds/bin/gnu/H-x86_64-pc-linux-gnu/bin/../lib/gcc/nios2-elf/4.9.2/../../../../../H-x86_64-pc-linux-gnu/nios2-elf/lib/mno-hw-mul/libc.a(lib_a-svfscanf.o)
                0x000000000108b608                __ssvfscanf_r
 .text          0x000000000108cce8        0x0 /home/uoftmda/altera_lite/15.1/nios2eds/bin/gnu/H-x86_64-pc-linux-gnu/bin/../lib/gcc/nios2-elf/4.9.2/../../../../../H-x86_64-pc-linux-gnu/nios2-elf/lib/mno-hw-mul/libc.a(lib_a-vfprintf.o)
 .text.___vfprintf_internal_r
                0x000000000108cce8     0x2058 /home/uoftmda/altera_lite/15.1/nios2eds/bin/gnu/H-x86_64-pc-linux-gnu/bin/../lib/gcc/nios2-elf/4.9.2/../../../../../H-x86_64-pc-linux-gnu/nios2-elf/lib/mno-hw-mul/libc.a(lib_a-vfprintf.o)
                0x000000000108cce8                ___vfprintf_internal_r
 .text.__vfprintf_internal
                0x000000000108ed40       0x24 /home/uoftmda/altera_lite/15.1/nios2eds/bin/gnu/H-x86_64-pc-linux-gnu/bin/../lib/gcc/nios2-elf/4.9.2/../../../../../H-x86_64-pc-linux-gnu/nios2-elf/lib/mno-hw-mul/libc.a(lib_a-vfprintf.o)
                0x000000000108ed40                __vfprintf_internal
 .text.__sbprintf
                0x000000000108ed64       0xbc /home/uoftmda/altera_lite/15.1/nios2eds/bin/gnu/H-x86_64-pc-linux-gnu/bin/../lib/gcc/nios2-elf/4.9.2/../../../../../H-x86_64-pc-linux-gnu/nios2-elf/lib/mno-hw-mul/libc.a(lib_a-vfprintf.o)
 .text          0x000000000108ee20        0x0 /home/uoftmda/altera_lite/15.1/nios2eds/bin/gnu/H-x86_64-pc-linux-gnu/bin/../lib/gcc/nios2-elf/4.9.2/../../../../../H-x86_64-pc-linux-gnu/nios2-elf/lib/mno-hw-mul/libc.a(lib_a-writer.o)
 .text._write_r
                0x000000000108ee20       0x5c /home/uoftmda/altera_lite/15.1/nios2eds/bin/gnu/H-x86_64-pc-linux-gnu/bin/../lib/gcc/nios2-elf/4.9.2/../../../../../H-x86_64-pc-linux-gnu/nios2-elf/lib/mno-hw-mul/libc.a(lib_a-writer.o)
                0x000000000108ee20                _write_r
 .text          0x000000000108ee7c        0x0 /home/uoftmda/altera_lite/15.1/nios2eds/bin/gnu/H-x86_64-pc-linux-gnu/bin/../lib/gcc/nios2-elf/4.9.2/../../../../../H-x86_64-pc-linux-gnu/nios2-elf/lib/mno-hw-mul/libc.a(lib_a-wsetup.o)
 .text.__swsetup_r
                0x000000000108ee7c      0x154 /home/uoftmda/altera_lite/15.1/nios2eds/bin/gnu/H-x86_64-pc-linux-gnu/bin/../lib/gcc/nios2-elf/4.9.2/../../../../../H-x86_64-pc-linux-gnu/nios2-elf/lib/mno-hw-mul/libc.a(lib_a-wsetup.o)
                0x000000000108ee7c                __swsetup_r
 .text          0x000000000108efd0        0x0 /home/uoftmda/altera_lite/15.1/nios2eds/bin/gnu/H-x86_64-pc-linux-gnu/bin/../lib/gcc/nios2-elf/4.9.2/../../../../../H-x86_64-pc-linux-gnu/nios2-elf/lib/mno-hw-mul/libc.a(closer.o)
 .text._close_r
                0x000000000108efd0       0x54 /home/uoftmda/altera_lite/15.1/nios2eds/bin/gnu/H-x86_64-pc-linux-gnu/bin/../lib/gcc/nios2-elf/4.9.2/../../../../../H-x86_64-pc-linux-gnu/nios2-elf/lib/mno-hw-mul/libc.a(closer.o)
                0x000000000108efd0                _close_r
 .text          0x000000000108f024        0x0 /home/uoftmda/altera_lite/15.1/nios2eds/bin/gnu/H-x86_64-pc-linux-gnu/bin/../lib/gcc/nios2-elf/4.9.2/../../../../../H-x86_64-pc-linux-gnu/nios2-elf/lib/mno-hw-mul/libc.a(lib_a-ctype_.o)
 .text          0x000000000108f024        0x0 /home/uoftmda/altera_lite/15.1/nios2eds/bin/gnu/H-x86_64-pc-linux-gnu/bin/../lib/gcc/nios2-elf/4.9.2/../../../../../H-x86_64-pc-linux-gnu/nios2-elf/lib/mno-hw-mul/libc.a(lib_a-dtoa.o)
 .text.quorem   0x000000000108f024      0x228 /home/uoftmda/altera_lite/15.1/nios2eds/bin/gnu/H-x86_64-pc-linux-gnu/bin/../lib/gcc/nios2-elf/4.9.2/../../../../../H-x86_64-pc-linux-gnu/nios2-elf/lib/mno-hw-mul/libc.a(lib_a-dtoa.o)
 .text._dtoa_r  0x000000000108f24c     0x1728 /home/uoftmda/altera_lite/15.1/nios2eds/bin/gnu/H-x86_64-pc-linux-gnu/bin/../lib/gcc/nios2-elf/4.9.2/../../../../../H-x86_64-pc-linux-gnu/nios2-elf/lib/mno-hw-mul/libc.a(lib_a-dtoa.o)
                0x000000000108f24c                _dtoa_r
 .text          0x0000000001090974        0x0 /home/uoftmda/altera_lite/15.1/nios2eds/bin/gnu/H-x86_64-pc-linux-gnu/bin/../lib/gcc/nios2-elf/4.9.2/../../../../../H-x86_64-pc-linux-gnu/nios2-elf/lib/mno-hw-mul/libc.a(lib_a-fflush.o)
 .text.__sflush_r
                0x0000000001090974      0x208 /home/uoftmda/altera_lite/15.1/nios2eds/bin/gnu/H-x86_64-pc-linux-gnu/bin/../lib/gcc/nios2-elf/4.9.2/../../../../../H-x86_64-pc-linux-gnu/nios2-elf/lib/mno-hw-mul/libc.a(lib_a-fflush.o)
                0x0000000001090974                __sflush_r
 .text._fflush_r
                0x0000000001090b7c       0x5c /home/uoftmda/altera_lite/15.1/nios2eds/bin/gnu/H-x86_64-pc-linux-gnu/bin/../lib/gcc/nios2-elf/4.9.2/../../../../../H-x86_64-pc-linux-gnu/nios2-elf/lib/mno-hw-mul/libc.a(lib_a-fflush.o)
                0x0000000001090b7c                _fflush_r
 .text.fflush   0x0000000001090bd8       0x30 /home/uoftmda/altera_lite/15.1/nios2eds/bin/gnu/H-x86_64-pc-linux-gnu/bin/../lib/gcc/nios2-elf/4.9.2/../../../../../H-x86_64-pc-linux-gnu/nios2-elf/lib/mno-hw-mul/libc.a(lib_a-fflush.o)
                0x0000000001090bd8                fflush
 .text          0x0000000001090c08        0x0 /home/uoftmda/altera_lite/15.1/nios2eds/bin/gnu/H-x86_64-pc-linux-gnu/bin/../lib/gcc/nios2-elf/4.9.2/../../../../../H-x86_64-pc-linux-gnu/nios2-elf/lib/mno-hw-mul/libc.a(lib_a-findfp.o)
 .text.__fp_lock
                0x0000000001090c08        0x8 /home/uoftmda/altera_lite/15.1/nios2eds/bin/gnu/H-x86_64-pc-linux-gnu/bin/../lib/gcc/nios2-elf/4.9.2/../../../../../H-x86_64-pc-linux-gnu/nios2-elf/lib/mno-hw-mul/libc.a(lib_a-findfp.o)
 .text.__fp_unlock
                0x0000000001090c10        0x8 /home/uoftmda/altera_lite/15.1/nios2eds/bin/gnu/H-x86_64-pc-linux-gnu/bin/../lib/gcc/nios2-elf/4.9.2/../../../../../H-x86_64-pc-linux-gnu/nios2-elf/lib/mno-hw-mul/libc.a(lib_a-findfp.o)
 .text._cleanup_r
                0x0000000001090c18        0xc /home/uoftmda/altera_lite/15.1/nios2eds/bin/gnu/H-x86_64-pc-linux-gnu/bin/../lib/gcc/nios2-elf/4.9.2/../../../../../H-x86_64-pc-linux-gnu/nios2-elf/lib/mno-hw-mul/libc.a(lib_a-findfp.o)
                0x0000000001090c18                _cleanup_r
 .text.__sinit.part.1
                0x0000000001090c24      0x19c /home/uoftmda/altera_lite/15.1/nios2eds/bin/gnu/H-x86_64-pc-linux-gnu/bin/../lib/gcc/nios2-elf/4.9.2/../../../../../H-x86_64-pc-linux-gnu/nios2-elf/lib/mno-hw-mul/libc.a(lib_a-findfp.o)
 .text.__sfmoreglue
                0x0000000001090dc0       0x78 /home/uoftmda/altera_lite/15.1/nios2eds/bin/gnu/H-x86_64-pc-linux-gnu/bin/../lib/gcc/nios2-elf/4.9.2/../../../../../H-x86_64-pc-linux-gnu/nios2-elf/lib/mno-hw-mul/libc.a(lib_a-findfp.o)
                0x0000000001090dc0                __sfmoreglue
 .text.__sfp    0x0000000001090e38      0x118 /home/uoftmda/altera_lite/15.1/nios2eds/bin/gnu/H-x86_64-pc-linux-gnu/bin/../lib/gcc/nios2-elf/4.9.2/../../../../../H-x86_64-pc-linux-gnu/nios2-elf/lib/mno-hw-mul/libc.a(lib_a-findfp.o)
                0x0000000001090e38                __sfp
 .text._cleanup
                0x0000000001090f50       0x18 /home/uoftmda/altera_lite/15.1/nios2eds/bin/gnu/H-x86_64-pc-linux-gnu/bin/../lib/gcc/nios2-elf/4.9.2/../../../../../H-x86_64-pc-linux-gnu/nios2-elf/lib/mno-hw-mul/libc.a(lib_a-findfp.o)
                0x0000000001090f50                _cleanup
 .text.__sinit  0x0000000001090f68       0x10 /home/uoftmda/altera_lite/15.1/nios2eds/bin/gnu/H-x86_64-pc-linux-gnu/bin/../lib/gcc/nios2-elf/4.9.2/../../../../../H-x86_64-pc-linux-gnu/nios2-elf/lib/mno-hw-mul/libc.a(lib_a-findfp.o)
                0x0000000001090f68                __sinit
 .text.__sfp_lock_acquire
                0x0000000001090f78        0x4 /home/uoftmda/altera_lite/15.1/nios2eds/bin/gnu/H-x86_64-pc-linux-gnu/bin/../lib/gcc/nios2-elf/4.9.2/../../../../../H-x86_64-pc-linux-gnu/nios2-elf/lib/mno-hw-mul/libc.a(lib_a-findfp.o)
                0x0000000001090f78                __sfp_lock_acquire
 .text.__sfp_lock_release
                0x0000000001090f7c        0x4 /home/uoftmda/altera_lite/15.1/nios2eds/bin/gnu/H-x86_64-pc-linux-gnu/bin/../lib/gcc/nios2-elf/4.9.2/../../../../../H-x86_64-pc-linux-gnu/nios2-elf/lib/mno-hw-mul/libc.a(lib_a-findfp.o)
                0x0000000001090f7c                __sfp_lock_release
 .text.__sinit_lock_acquire
                0x0000000001090f80        0x4 /home/uoftmda/altera_lite/15.1/nios2eds/bin/gnu/H-x86_64-pc-linux-gnu/bin/../lib/gcc/nios2-elf/4.9.2/../../../../../H-x86_64-pc-linux-gnu/nios2-elf/lib/mno-hw-mul/libc.a(lib_a-findfp.o)
                0x0000000001090f80                __sinit_lock_acquire
 .text.__sinit_lock_release
                0x0000000001090f84        0x4 /home/uoftmda/altera_lite/15.1/nios2eds/bin/gnu/H-x86_64-pc-linux-gnu/bin/../lib/gcc/nios2-elf/4.9.2/../../../../../H-x86_64-pc-linux-gnu/nios2-elf/lib/mno-hw-mul/libc.a(lib_a-findfp.o)
                0x0000000001090f84                __sinit_lock_release
 .text.__fp_lock_all
                0x0000000001090f88       0x18 /home/uoftmda/altera_lite/15.1/nios2eds/bin/gnu/H-x86_64-pc-linux-gnu/bin/../lib/gcc/nios2-elf/4.9.2/../../../../../H-x86_64-pc-linux-gnu/nios2-elf/lib/mno-hw-mul/libc.a(lib_a-findfp.o)
                0x0000000001090f88                __fp_lock_all
 .text.__fp_unlock_all
                0x0000000001090fa0       0x18 /home/uoftmda/altera_lite/15.1/nios2eds/bin/gnu/H-x86_64-pc-linux-gnu/bin/../lib/gcc/nios2-elf/4.9.2/../../../../../H-x86_64-pc-linux-gnu/nios2-elf/lib/mno-hw-mul/libc.a(lib_a-findfp.o)
                0x0000000001090fa0                __fp_unlock_all
 .text          0x0000000001090fb8        0x0 /home/uoftmda/altera_lite/15.1/nios2eds/bin/gnu/H-x86_64-pc-linux-gnu/bin/../lib/gcc/nios2-elf/4.9.2/../../../../../H-x86_64-pc-linux-gnu/nios2-elf/lib/mno-hw-mul/libc.a(lib_a-freer.o)
 .text._malloc_trim_r
                0x0000000001090fb8      0x124 /home/uoftmda/altera_lite/15.1/nios2eds/bin/gnu/H-x86_64-pc-linux-gnu/bin/../lib/gcc/nios2-elf/4.9.2/../../../../../H-x86_64-pc-linux-gnu/nios2-elf/lib/mno-hw-mul/libc.a(lib_a-freer.o)
                0x0000000001090fb8                _malloc_trim_r
 .text._free_r  0x00000000010910dc      0x2f0 /home/uoftmda/altera_lite/15.1/nios2eds/bin/gnu/H-x86_64-pc-linux-gnu/bin/../lib/gcc/nios2-elf/4.9.2/../../../../../H-x86_64-pc-linux-gnu/nios2-elf/lib/mno-hw-mul/libc.a(lib_a-freer.o)
                0x00000000010910dc                _free_r
 .text          0x00000000010913cc        0x0 /home/uoftmda/altera_lite/15.1/nios2eds/bin/gnu/H-x86_64-pc-linux-gnu/bin/../lib/gcc/nios2-elf/4.9.2/../../../../../H-x86_64-pc-linux-gnu/nios2-elf/lib/mno-hw-mul/libc.a(lib_a-fvwrite.o)
 .text.__sfvwrite_r
                0x00000000010913cc      0x4cc /home/uoftmda/altera_lite/15.1/nios2eds/bin/gnu/H-x86_64-pc-linux-gnu/bin/../lib/gcc/nios2-elf/4.9.2/../../../../../H-x86_64-pc-linux-gnu/nios2-elf/lib/mno-hw-mul/libc.a(lib_a-fvwrite.o)
                0x00000000010913cc                __sfvwrite_r
 .text          0x0000000001091898        0x0 /home/uoftmda/altera_lite/15.1/nios2eds/bin/gnu/H-x86_64-pc-linux-gnu/bin/../lib/gcc/nios2-elf/4.9.2/../../../../../H-x86_64-pc-linux-gnu/nios2-elf/lib/mno-hw-mul/libc.a(lib_a-fwalk.o)
 .text._fwalk   0x0000000001091898       0xc4 /home/uoftmda/altera_lite/15.1/nios2eds/bin/gnu/H-x86_64-pc-linux-gnu/bin/../lib/gcc/nios2-elf/4.9.2/../../../../../H-x86_64-pc-linux-gnu/nios2-elf/lib/mno-hw-mul/libc.a(lib_a-fwalk.o)
                0x0000000001091898                _fwalk
 .text._fwalk_reent
                0x000000000109195c       0xc4 /home/uoftmda/altera_lite/15.1/nios2eds/bin/gnu/H-x86_64-pc-linux-gnu/bin/../lib/gcc/nios2-elf/4.9.2/../../../../../H-x86_64-pc-linux-gnu/nios2-elf/lib/mno-hw-mul/libc.a(lib_a-fwalk.o)
                0x000000000109195c                _fwalk_reent
 .text          0x0000000001091a20        0x0 /home/uoftmda/altera_lite/15.1/nios2eds/bin/gnu/H-x86_64-pc-linux-gnu/bin/../lib/gcc/nios2-elf/4.9.2/../../../../../H-x86_64-pc-linux-gnu/nios2-elf/lib/mno-hw-mul/libc.a(lib_a-int_errno.o)
 .text          0x0000000001091a20        0x0 /home/uoftmda/altera_lite/15.1/nios2eds/bin/gnu/H-x86_64-pc-linux-gnu/bin/../lib/gcc/nios2-elf/4.9.2/../../../../../H-x86_64-pc-linux-gnu/nios2-elf/lib/mno-hw-mul/libc.a(lib_a-iswspace.o)
 .text.iswspace
                0x0000000001091a20       0x30 /home/uoftmda/altera_lite/15.1/nios2eds/bin/gnu/H-x86_64-pc-linux-gnu/bin/../lib/gcc/nios2-elf/4.9.2/../../../../../H-x86_64-pc-linux-gnu/nios2-elf/lib/mno-hw-mul/libc.a(lib_a-iswspace.o)
                0x0000000001091a20                iswspace
 .text          0x0000000001091a50        0x0 /home/uoftmda/altera_lite/15.1/nios2eds/bin/gnu/H-x86_64-pc-linux-gnu/bin/../lib/gcc/nios2-elf/4.9.2/../../../../../H-x86_64-pc-linux-gnu/nios2-elf/lib/mno-hw-mul/libc.a(lib_a-locale.o)
 .text._setlocale_r
                0x0000000001091a50       0x7c /home/uoftmda/altera_lite/15.1/nios2eds/bin/gnu/H-x86_64-pc-linux-gnu/bin/../lib/gcc/nios2-elf/4.9.2/../../../../../H-x86_64-pc-linux-gnu/nios2-elf/lib/mno-hw-mul/libc.a(lib_a-locale.o)
                0x0000000001091a50                _setlocale_r
 .text.__locale_charset
                0x0000000001091acc        0xc /home/uoftmda/altera_lite/15.1/nios2eds/bin/gnu/H-x86_64-pc-linux-gnu/bin/../lib/gcc/nios2-elf/4.9.2/../../../../../H-x86_64-pc-linux-gnu/nios2-elf/lib/mno-hw-mul/libc.a(lib_a-locale.o)
                0x0000000001091acc                __locale_charset
 .text.__locale_mb_cur_max
                0x0000000001091ad8       0x10 /home/uoftmda/altera_lite/15.1/nios2eds/bin/gnu/H-x86_64-pc-linux-gnu/bin/../lib/gcc/nios2-elf/4.9.2/../../../../../H-x86_64-pc-linux-gnu/nios2-elf/lib/mno-hw-mul/libc.a(lib_a-locale.o)
                0x0000000001091ad8                __locale_mb_cur_max
 .text.__locale_msgcharset
                0x0000000001091ae8        0xc /home/uoftmda/altera_lite/15.1/nios2eds/bin/gnu/H-x86_64-pc-linux-gnu/bin/../lib/gcc/nios2-elf/4.9.2/../../../../../H-x86_64-pc-linux-gnu/nios2-elf/lib/mno-hw-mul/libc.a(lib_a-locale.o)
                0x0000000001091ae8                __locale_msgcharset
 .text.__locale_cjk_lang
                0x0000000001091af4        0x8 /home/uoftmda/altera_lite/15.1/nios2eds/bin/gnu/H-x86_64-pc-linux-gnu/bin/../lib/gcc/nios2-elf/4.9.2/../../../../../H-x86_64-pc-linux-gnu/nios2-elf/lib/mno-hw-mul/libc.a(lib_a-locale.o)
                0x0000000001091af4                __locale_cjk_lang
 .text._localeconv_r
                0x0000000001091afc        0xc /home/uoftmda/altera_lite/15.1/nios2eds/bin/gnu/H-x86_64-pc-linux-gnu/bin/../lib/gcc/nios2-elf/4.9.2/../../../../../H-x86_64-pc-linux-gnu/nios2-elf/lib/mno-hw-mul/libc.a(lib_a-locale.o)
                0x0000000001091afc                _localeconv_r
 .text.setlocale
                0x0000000001091b08       0x1c /home/uoftmda/altera_lite/15.1/nios2eds/bin/gnu/H-x86_64-pc-linux-gnu/bin/../lib/gcc/nios2-elf/4.9.2/../../../../../H-x86_64-pc-linux-gnu/nios2-elf/lib/mno-hw-mul/libc.a(lib_a-locale.o)
                0x0000000001091b08                setlocale
 .text.localeconv
                0x0000000001091b24        0xc /home/uoftmda/altera_lite/15.1/nios2eds/bin/gnu/H-x86_64-pc-linux-gnu/bin/../lib/gcc/nios2-elf/4.9.2/../../../../../H-x86_64-pc-linux-gnu/nios2-elf/lib/mno-hw-mul/libc.a(lib_a-locale.o)
                0x0000000001091b24                localeconv
 .text          0x0000000001091b30        0x0 /home/uoftmda/altera_lite/15.1/nios2eds/bin/gnu/H-x86_64-pc-linux-gnu/bin/../lib/gcc/nios2-elf/4.9.2/../../../../../H-x86_64-pc-linux-gnu/nios2-elf/lib/mno-hw-mul/libc.a(lib_a-lseekr.o)
 .text._lseek_r
                0x0000000001091b30       0x5c /home/uoftmda/altera_lite/15.1/nios2eds/bin/gnu/H-x86_64-pc-linux-gnu/bin/../lib/gcc/nios2-elf/4.9.2/../../../../../H-x86_64-pc-linux-gnu/nios2-elf/lib/mno-hw-mul/libc.a(lib_a-lseekr.o)
                0x0000000001091b30                _lseek_r
 .text          0x0000000001091b8c        0x0 /home/uoftmda/altera_lite/15.1/nios2eds/bin/gnu/H-x86_64-pc-linux-gnu/bin/../lib/gcc/nios2-elf/4.9.2/../../../../../H-x86_64-pc-linux-gnu/nios2-elf/lib/mno-hw-mul/libc.a(lib_a-makebuf.o)
 .text.__smakebuf_r
                0x0000000001091b8c      0x1b8 /home/uoftmda/altera_lite/15.1/nios2eds/bin/gnu/H-x86_64-pc-linux-gnu/bin/../lib/gcc/nios2-elf/4.9.2/../../../../../H-x86_64-pc-linux-gnu/nios2-elf/lib/mno-hw-mul/libc.a(lib_a-makebuf.o)
                0x0000000001091b8c                __smakebuf_r
 .text          0x0000000001091d44        0x0 /home/uoftmda/altera_lite/15.1/nios2eds/bin/gnu/H-x86_64-pc-linux-gnu/bin/../lib/gcc/nios2-elf/4.9.2/../../../../../H-x86_64-pc-linux-gnu/nios2-elf/lib/mno-hw-mul/libc.a(lib_a-mallocr.o)
 .text._malloc_r
                0x0000000001091d44      0x7a8 /home/uoftmda/altera_lite/15.1/nios2eds/bin/gnu/H-x86_64-pc-linux-gnu/bin/../lib/gcc/nios2-elf/4.9.2/../../../../../H-x86_64-pc-linux-gnu/nios2-elf/lib/mno-hw-mul/libc.a(lib_a-mallocr.o)
                0x0000000001091d44                _malloc_r
 .text          0x00000000010924ec        0x0 /home/uoftmda/altera_lite/15.1/nios2eds/bin/gnu/H-x86_64-pc-linux-gnu/bin/../lib/gcc/nios2-elf/4.9.2/../../../../../H-x86_64-pc-linux-gnu/nios2-elf/lib/mno-hw-mul/libc.a(lib_a-mbrtowc.o)
 .text._mbrtowc_r
                0x00000000010924ec       0xac /home/uoftmda/altera_lite/15.1/nios2eds/bin/gnu/H-x86_64-pc-linux-gnu/bin/../lib/gcc/nios2-elf/4.9.2/../../../../../H-x86_64-pc-linux-gnu/nios2-elf/lib/mno-hw-mul/libc.a(lib_a-mbrtowc.o)
                0x00000000010924ec                _mbrtowc_r
 .text.mbrtowc  0x0000000001092598       0xd8 /home/uoftmda/altera_lite/15.1/nios2eds/bin/gnu/H-x86_64-pc-linux-gnu/bin/../lib/gcc/nios2-elf/4.9.2/../../../../../H-x86_64-pc-linux-gnu/nios2-elf/lib/mno-hw-mul/libc.a(lib_a-mbrtowc.o)
                0x0000000001092598                mbrtowc
 .text          0x0000000001092670        0x0 /home/uoftmda/altera_lite/15.1/nios2eds/bin/gnu/H-x86_64-pc-linux-gnu/bin/../lib/gcc/nios2-elf/4.9.2/../../../../../H-x86_64-pc-linux-gnu/nios2-elf/lib/mno-hw-mul/libc.a(lib_a-mbtowc_r.o)
 .text.__ascii_mbtowc
                0x0000000001092670       0x44 /home/uoftmda/altera_lite/15.1/nios2eds/bin/gnu/H-x86_64-pc-linux-gnu/bin/../lib/gcc/nios2-elf/4.9.2/../../../../../H-x86_64-pc-linux-gnu/nios2-elf/lib/mno-hw-mul/libc.a(lib_a-mbtowc_r.o)
                0x0000000001092670                __ascii_mbtowc
 .text._mbtowc_r
                0x00000000010926b4       0x5c /home/uoftmda/altera_lite/15.1/nios2eds/bin/gnu/H-x86_64-pc-linux-gnu/bin/../lib/gcc/nios2-elf/4.9.2/../../../../../H-x86_64-pc-linux-gnu/nios2-elf/lib/mno-hw-mul/libc.a(lib_a-mbtowc_r.o)
                0x00000000010926b4                _mbtowc_r
 .text          0x0000000001092710        0x0 /home/uoftmda/altera_lite/15.1/nios2eds/bin/gnu/H-x86_64-pc-linux-gnu/bin/../lib/gcc/nios2-elf/4.9.2/../../../../../H-x86_64-pc-linux-gnu/nios2-elf/lib/mno-hw-mul/libc.a(lib_a-memchr.o)
 .text.memchr   0x0000000001092710       0xe8 /home/uoftmda/altera_lite/15.1/nios2eds/bin/gnu/H-x86_64-pc-linux-gnu/bin/../lib/gcc/nios2-elf/4.9.2/../../../../../H-x86_64-pc-linux-gnu/nios2-elf/lib/mno-hw-mul/libc.a(lib_a-memchr.o)
                0x0000000001092710                memchr
 .text          0x00000000010927f8        0x0 /home/uoftmda/altera_lite/15.1/nios2eds/bin/gnu/H-x86_64-pc-linux-gnu/bin/../lib/gcc/nios2-elf/4.9.2/../../../../../H-x86_64-pc-linux-gnu/nios2-elf/lib/mno-hw-mul/libc.a(lib_a-memcpy.o)
 .text.memcpy   0x00000000010927f8      0x138 /home/uoftmda/altera_lite/15.1/nios2eds/bin/gnu/H-x86_64-pc-linux-gnu/bin/../lib/gcc/nios2-elf/4.9.2/../../../../../H-x86_64-pc-linux-gnu/nios2-elf/lib/mno-hw-mul/libc.a(lib_a-memcpy.o)
                0x00000000010927f8                memcpy
 .text          0x0000000001092930        0x0 /home/uoftmda/altera_lite/15.1/nios2eds/bin/gnu/H-x86_64-pc-linux-gnu/bin/../lib/gcc/nios2-elf/4.9.2/../../../../../H-x86_64-pc-linux-gnu/nios2-elf/lib/mno-hw-mul/libc.a(lib_a-memmove.o)
 .text.memmove  0x0000000001092930      0x15c /home/uoftmda/altera_lite/15.1/nios2eds/bin/gnu/H-x86_64-pc-linux-gnu/bin/../lib/gcc/nios2-elf/4.9.2/../../../../../H-x86_64-pc-linux-gnu/nios2-elf/lib/mno-hw-mul/libc.a(lib_a-memmove.o)
                0x0000000001092930                memmove
 .text          0x0000000001092a8c        0x0 /home/uoftmda/altera_lite/15.1/nios2eds/bin/gnu/H-x86_64-pc-linux-gnu/bin/../lib/gcc/nios2-elf/4.9.2/../../../../../H-x86_64-pc-linux-gnu/nios2-elf/lib/mno-hw-mul/libc.a(lib_a-memset.o)
 .text.memset   0x0000000001092a8c      0x124 /home/uoftmda/altera_lite/15.1/nios2eds/bin/gnu/H-x86_64-pc-linux-gnu/bin/../lib/gcc/nios2-elf/4.9.2/../../../../../H-x86_64-pc-linux-gnu/nios2-elf/lib/mno-hw-mul/libc.a(lib_a-memset.o)
                0x0000000001092a8c                memset
 .text          0x0000000001092bb0        0x0 /home/uoftmda/altera_lite/15.1/nios2eds/bin/gnu/H-x86_64-pc-linux-gnu/bin/../lib/gcc/nios2-elf/4.9.2/../../../../../H-x86_64-pc-linux-gnu/nios2-elf/lib/mno-hw-mul/libc.a(lib_a-mprec.o)
 .text._Balloc  0x0000000001092bb0       0xa8 /home/uoftmda/altera_lite/15.1/nios2eds/bin/gnu/H-x86_64-pc-linux-gnu/bin/../lib/gcc/nios2-elf/4.9.2/../../../../../H-x86_64-pc-linux-gnu/nios2-elf/lib/mno-hw-mul/libc.a(lib_a-mprec.o)
                0x0000000001092bb0                _Balloc
 .text._Bfree   0x0000000001092c58       0x28 /home/uoftmda/altera_lite/15.1/nios2eds/bin/gnu/H-x86_64-pc-linux-gnu/bin/../lib/gcc/nios2-elf/4.9.2/../../../../../H-x86_64-pc-linux-gnu/nios2-elf/lib/mno-hw-mul/libc.a(lib_a-mprec.o)
                0x0000000001092c58                _Bfree
 .text.__multadd
                0x0000000001092c80      0x148 /home/uoftmda/altera_lite/15.1/nios2eds/bin/gnu/H-x86_64-pc-linux-gnu/bin/../lib/gcc/nios2-elf/4.9.2/../../../../../H-x86_64-pc-linux-gnu/nios2-elf/lib/mno-hw-mul/libc.a(lib_a-mprec.o)
                0x0000000001092c80                __multadd
 .text.__s2b    0x0000000001092dc8      0x104 /home/uoftmda/altera_lite/15.1/nios2eds/bin/gnu/H-x86_64-pc-linux-gnu/bin/../lib/gcc/nios2-elf/4.9.2/../../../../../H-x86_64-pc-linux-gnu/nios2-elf/lib/mno-hw-mul/libc.a(lib_a-mprec.o)
                0x0000000001092dc8                __s2b
 .text.__hi0bits
                0x0000000001092ecc       0x68 /home/uoftmda/altera_lite/15.1/nios2eds/bin/gnu/H-x86_64-pc-linux-gnu/bin/../lib/gcc/nios2-elf/4.9.2/../../../../../H-x86_64-pc-linux-gnu/nios2-elf/lib/mno-hw-mul/libc.a(lib_a-mprec.o)
                0x0000000001092ecc                __hi0bits
 .text.__lo0bits
                0x0000000001092f34       0xb0 /home/uoftmda/altera_lite/15.1/nios2eds/bin/gnu/H-x86_64-pc-linux-gnu/bin/../lib/gcc/nios2-elf/4.9.2/../../../../../H-x86_64-pc-linux-gnu/nios2-elf/lib/mno-hw-mul/libc.a(lib_a-mprec.o)
                0x0000000001092f34                __lo0bits
 .text.__i2b    0x0000000001092fe4       0x3c /home/uoftmda/altera_lite/15.1/nios2eds/bin/gnu/H-x86_64-pc-linux-gnu/bin/../lib/gcc/nios2-elf/4.9.2/../../../../../H-x86_64-pc-linux-gnu/nios2-elf/lib/mno-hw-mul/libc.a(lib_a-mprec.o)
                0x0000000001092fe4                __i2b
 .text.__multiply
                0x0000000001093020      0x290 /home/uoftmda/altera_lite/15.1/nios2eds/bin/gnu/H-x86_64-pc-linux-gnu/bin/../lib/gcc/nios2-elf/4.9.2/../../../../../H-x86_64-pc-linux-gnu/nios2-elf/lib/mno-hw-mul/libc.a(lib_a-mprec.o)
                0x0000000001093020                __multiply
 .text.__pow5mult
                0x00000000010932b0      0x140 /home/uoftmda/altera_lite/15.1/nios2eds/bin/gnu/H-x86_64-pc-linux-gnu/bin/../lib/gcc/nios2-elf/4.9.2/../../../../../H-x86_64-pc-linux-gnu/nios2-elf/lib/mno-hw-mul/libc.a(lib_a-mprec.o)
                0x00000000010932b0                __pow5mult
 .text.__lshift
                0x00000000010933f0      0x150 /home/uoftmda/altera_lite/15.1/nios2eds/bin/gnu/H-x86_64-pc-linux-gnu/bin/../lib/gcc/nios2-elf/4.9.2/../../../../../H-x86_64-pc-linux-gnu/nios2-elf/lib/mno-hw-mul/libc.a(lib_a-mprec.o)
                0x00000000010933f0                __lshift
 .text.__mcmp   0x0000000001093540       0x60 /home/uoftmda/altera_lite/15.1/nios2eds/bin/gnu/H-x86_64-pc-linux-gnu/bin/../lib/gcc/nios2-elf/4.9.2/../../../../../H-x86_64-pc-linux-gnu/nios2-elf/lib/mno-hw-mul/libc.a(lib_a-mprec.o)
                0x0000000001093540                __mcmp
 .text.__mdiff  0x00000000010935a0      0x198 /home/uoftmda/altera_lite/15.1/nios2eds/bin/gnu/H-x86_64-pc-linux-gnu/bin/../lib/gcc/nios2-elf/4.9.2/../../../../../H-x86_64-pc-linux-gnu/nios2-elf/lib/mno-hw-mul/libc.a(lib_a-mprec.o)
                0x00000000010935a0                __mdiff
 .text.__ulp    0x0000000001093738       0x60 /home/uoftmda/altera_lite/15.1/nios2eds/bin/gnu/H-x86_64-pc-linux-gnu/bin/../lib/gcc/nios2-elf/4.9.2/../../../../../H-x86_64-pc-linux-gnu/nios2-elf/lib/mno-hw-mul/libc.a(lib_a-mprec.o)
                0x0000000001093738                __ulp
 .text.__b2d    0x0000000001093798      0x11c /home/uoftmda/altera_lite/15.1/nios2eds/bin/gnu/H-x86_64-pc-linux-gnu/bin/../lib/gcc/nios2-elf/4.9.2/../../../../../H-x86_64-pc-linux-gnu/nios2-elf/lib/mno-hw-mul/libc.a(lib_a-mprec.o)
                0x0000000001093798                __b2d
 .text.__d2b    0x00000000010938b4      0x13c /home/uoftmda/altera_lite/15.1/nios2eds/bin/gnu/H-x86_64-pc-linux-gnu/bin/../lib/gcc/nios2-elf/4.9.2/../../../../../H-x86_64-pc-linux-gnu/nios2-elf/lib/mno-hw-mul/libc.a(lib_a-mprec.o)
                0x00000000010938b4                __d2b
 .text.__ratio  0x00000000010939f0       0xa4 /home/uoftmda/altera_lite/15.1/nios2eds/bin/gnu/H-x86_64-pc-linux-gnu/bin/../lib/gcc/nios2-elf/4.9.2/../../../../../H-x86_64-pc-linux-gnu/nios2-elf/lib/mno-hw-mul/libc.a(lib_a-mprec.o)
                0x00000000010939f0                __ratio
 .text._mprec_log10
                0x0000000001093a94       0x74 /home/uoftmda/altera_lite/15.1/nios2eds/bin/gnu/H-x86_64-pc-linux-gnu/bin/../lib/gcc/nios2-elf/4.9.2/../../../../../H-x86_64-pc-linux-gnu/nios2-elf/lib/mno-hw-mul/libc.a(lib_a-mprec.o)
                0x0000000001093a94                _mprec_log10
 .text.__copybits
                0x0000000001093b08       0x78 /home/uoftmda/altera_lite/15.1/nios2eds/bin/gnu/H-x86_64-pc-linux-gnu/bin/../lib/gcc/nios2-elf/4.9.2/../../../../../H-x86_64-pc-linux-gnu/nios2-elf/lib/mno-hw-mul/libc.a(lib_a-mprec.o)
                0x0000000001093b08                __copybits
 .text.__any_on
                0x0000000001093b80       0x8c /home/uoftmda/altera_lite/15.1/nios2eds/bin/gnu/H-x86_64-pc-linux-gnu/bin/../lib/gcc/nios2-elf/4.9.2/../../../../../H-x86_64-pc-linux-gnu/nios2-elf/lib/mno-hw-mul/libc.a(lib_a-mprec.o)
                0x0000000001093b80                __any_on
 .text          0x0000000001093c0c        0x0 /home/uoftmda/altera_lite/15.1/nios2eds/bin/gnu/H-x86_64-pc-linux-gnu/bin/../lib/gcc/nios2-elf/4.9.2/../../../../../H-x86_64-pc-linux-gnu/nios2-elf/lib/mno-hw-mul/libc.a(lib_a-readr.o)
 .text._read_r  0x0000000001093c0c       0x5c /home/uoftmda/altera_lite/15.1/nios2eds/bin/gnu/H-x86_64-pc-linux-gnu/bin/../lib/gcc/nios2-elf/4.9.2/../../../../../H-x86_64-pc-linux-gnu/nios2-elf/lib/mno-hw-mul/libc.a(lib_a-readr.o)
                0x0000000001093c0c                _read_r
 .text          0x0000000001093c68        0x0 /home/uoftmda/altera_lite/15.1/nios2eds/bin/gnu/H-x86_64-pc-linux-gnu/bin/../lib/gcc/nios2-elf/4.9.2/../../../../../H-x86_64-pc-linux-gnu/nios2-elf/lib/mno-hw-mul/libc.a(lib_a-reallocr.o)
 .text._realloc_r
                0x0000000001093c68      0x568 /home/uoftmda/altera_lite/15.1/nios2eds/bin/gnu/H-x86_64-pc-linux-gnu/bin/../lib/gcc/nios2-elf/4.9.2/../../../../../H-x86_64-pc-linux-gnu/nios2-elf/lib/mno-hw-mul/libc.a(lib_a-reallocr.o)
                0x0000000001093c68                _realloc_r
 .text          0x00000000010941d0        0x0 /home/uoftmda/altera_lite/15.1/nios2eds/bin/gnu/H-x86_64-pc-linux-gnu/bin/../lib/gcc/nios2-elf/4.9.2/../../../../../H-x86_64-pc-linux-gnu/nios2-elf/lib/mno-hw-mul/libc.a(lib_a-sbrkr.o)
 .text._sbrk_r  0x00000000010941d0       0x54 /home/uoftmda/altera_lite/15.1/nios2eds/bin/gnu/H-x86_64-pc-linux-gnu/bin/../lib/gcc/nios2-elf/4.9.2/../../../../../H-x86_64-pc-linux-gnu/nios2-elf/lib/mno-hw-mul/libc.a(lib_a-sbrkr.o)
                0x00000000010941d0                _sbrk_r
 .text          0x0000000001094224        0x0 /home/uoftmda/altera_lite/15.1/nios2eds/bin/gnu/H-x86_64-pc-linux-gnu/bin/../lib/gcc/nios2-elf/4.9.2/../../../../../H-x86_64-pc-linux-gnu/nios2-elf/lib/mno-hw-mul/libc.a(lib_a-sccl.o)
 .text.__sccl   0x0000000001094224       0xc0 /home/uoftmda/altera_lite/15.1/nios2eds/bin/gnu/H-x86_64-pc-linux-gnu/bin/../lib/gcc/nios2-elf/4.9.2/../../../../../H-x86_64-pc-linux-gnu/nios2-elf/lib/mno-hw-mul/libc.a(lib_a-sccl.o)
                0x0000000001094224                __sccl
 .text          0x00000000010942e4        0x0 /home/uoftmda/altera_lite/15.1/nios2eds/bin/gnu/H-x86_64-pc-linux-gnu/bin/../lib/gcc/nios2-elf/4.9.2/../../../../../H-x86_64-pc-linux-gnu/nios2-elf/lib/mno-hw-mul/libc.a(lib_a-sf_nan.o)
 .text.nanf     0x00000000010942e4        0x8 /home/uoftmda/altera_lite/15.1/nios2eds/bin/gnu/H-x86_64-pc-linux-gnu/bin/../lib/gcc/nios2-elf/4.9.2/../../../../../H-x86_64-pc-linux-gnu/nios2-elf/lib/mno-hw-mul/libc.a(lib_a-sf_nan.o)
                0x00000000010942e4                nanf
 .text          0x00000000010942ec        0x0 /home/uoftmda/altera_lite/15.1/nios2eds/bin/gnu/H-x86_64-pc-linux-gnu/bin/../lib/gcc/nios2-elf/4.9.2/../../../../../H-x86_64-pc-linux-gnu/nios2-elf/lib/mno-hw-mul/libc.a(lib_a-strtod.o)
 .text.sulp     0x00000000010942ec       0x64 /home/uoftmda/altera_lite/15.1/nios2eds/bin/gnu/H-x86_64-pc-linux-gnu/bin/../lib/gcc/nios2-elf/4.9.2/../../../../../H-x86_64-pc-linux-gnu/nios2-elf/lib/mno-hw-mul/libc.a(lib_a-strtod.o)
 .text._strtod_r
                0x0000000001094350     0x15d4 /home/uoftmda/altera_lite/15.1/nios2eds/bin/gnu/H-x86_64-pc-linux-gnu/bin/../lib/gcc/nios2-elf/4.9.2/../../../../../H-x86_64-pc-linux-gnu/nios2-elf/lib/mno-hw-mul/libc.a(lib_a-strtod.o)
                0x0000000001094350                _strtod_r
 .text.strtod   0x0000000001095924       0x1c /home/uoftmda/altera_lite/15.1/nios2eds/bin/gnu/H-x86_64-pc-linux-gnu/bin/../lib/gcc/nios2-elf/4.9.2/../../../../../H-x86_64-pc-linux-gnu/nios2-elf/lib/mno-hw-mul/libc.a(lib_a-strtod.o)
                0x0000000001095924                strtod
 .text.strtof   0x0000000001095940      0x104 /home/uoftmda/altera_lite/15.1/nios2eds/bin/gnu/H-x86_64-pc-linux-gnu/bin/../lib/gcc/nios2-elf/4.9.2/../../../../../H-x86_64-pc-linux-gnu/nios2-elf/lib/mno-hw-mul/libc.a(lib_a-strtod.o)
                0x0000000001095940                strtof
 .text          0x0000000001095a44        0x0 /home/uoftmda/altera_lite/15.1/nios2eds/bin/gnu/H-x86_64-pc-linux-gnu/bin/../lib/gcc/nios2-elf/4.9.2/../../../../../H-x86_64-pc-linux-gnu/nios2-elf/lib/mno-hw-mul/libc.a(lib_a-strtol.o)
 .text._strtol_r
                0x0000000001095a44      0x248 /home/uoftmda/altera_lite/15.1/nios2eds/bin/gnu/H-x86_64-pc-linux-gnu/bin/../lib/gcc/nios2-elf/4.9.2/../../../../../H-x86_64-pc-linux-gnu/nios2-elf/lib/mno-hw-mul/libc.a(lib_a-strtol.o)
                0x0000000001095a44                _strtol_r
 .text.strtol   0x0000000001095c8c       0x24 /home/uoftmda/altera_lite/15.1/nios2eds/bin/gnu/H-x86_64-pc-linux-gnu/bin/../lib/gcc/nios2-elf/4.9.2/../../../../../H-x86_64-pc-linux-gnu/nios2-elf/lib/mno-hw-mul/libc.a(lib_a-strtol.o)
                0x0000000001095c8c                strtol
 .text          0x0000000001095cb0        0x0 /home/uoftmda/altera_lite/15.1/nios2eds/bin/gnu/H-x86_64-pc-linux-gnu/bin/../lib/gcc/nios2-elf/4.9.2/../../../../../H-x86_64-pc-linux-gnu/nios2-elf/lib/mno-hw-mul/libc.a(lib_a-strtoll_r.o)
 .text._strtoll_r
                0x0000000001095cb0      0x2f4 /home/uoftmda/altera_lite/15.1/nios2eds/bin/gnu/H-x86_64-pc-linux-gnu/bin/../lib/gcc/nios2-elf/4.9.2/../../../../../H-x86_64-pc-linux-gnu/nios2-elf/lib/mno-hw-mul/libc.a(lib_a-strtoll_r.o)
                0x0000000001095cb0                _strtoll_r
 .text          0x0000000001095fa4        0x0 /home/uoftmda/altera_lite/15.1/nios2eds/bin/gnu/H-x86_64-pc-linux-gnu/bin/../lib/gcc/nios2-elf/4.9.2/../../../../../H-x86_64-pc-linux-gnu/nios2-elf/lib/mno-hw-mul/libc.a(lib_a-strtoul.o)
 .text._strtoul_r
                0x0000000001095fa4      0x28c /home/uoftmda/altera_lite/15.1/nios2eds/bin/gnu/H-x86_64-pc-linux-gnu/bin/../lib/gcc/nios2-elf/4.9.2/../../../../../H-x86_64-pc-linux-gnu/nios2-elf/lib/mno-hw-mul/libc.a(lib_a-strtoul.o)
                0x0000000001095fa4                _strtoul_r
 .text.strtoul  0x0000000001096230       0x24 /home/uoftmda/altera_lite/15.1/nios2eds/bin/gnu/H-x86_64-pc-linux-gnu/bin/../lib/gcc/nios2-elf/4.9.2/../../../../../H-x86_64-pc-linux-gnu/nios2-elf/lib/mno-hw-mul/libc.a(lib_a-strtoul.o)
                0x0000000001096230                strtoul
 .text          0x0000000001096254        0x0 /home/uoftmda/altera_lite/15.1/nios2eds/bin/gnu/H-x86_64-pc-linux-gnu/bin/../lib/gcc/nios2-elf/4.9.2/../../../../../H-x86_64-pc-linux-gnu/nios2-elf/lib/mno-hw-mul/libc.a(lib_a-strtoull_r.o)
 .text._strtoull_r
                0x0000000001096254      0x334 /home/uoftmda/altera_lite/15.1/nios2eds/bin/gnu/H-x86_64-pc-linux-gnu/bin/../lib/gcc/nios2-elf/4.9.2/../../../../../H-x86_64-pc-linux-gnu/nios2-elf/lib/mno-hw-mul/libc.a(lib_a-strtoull_r.o)
                0x0000000001096254                _strtoull_r
 .text          0x0000000001096588        0x0 /home/uoftmda/altera_lite/15.1/nios2eds/bin/gnu/H-x86_64-pc-linux-gnu/bin/../lib/gcc/nios2-elf/4.9.2/../../../../../H-x86_64-pc-linux-gnu/nios2-elf/lib/mno-hw-mul/libc.a(lib_a-svfiprintf.o)
 .text.__ssprint_r
                0x0000000001096588      0x1cc /home/uoftmda/altera_lite/15.1/nios2eds/bin/gnu/H-x86_64-pc-linux-gnu/bin/../lib/gcc/nios2-elf/4.9.2/../../../../../H-x86_64-pc-linux-gnu/nios2-elf/lib/mno-hw-mul/libc.a(lib_a-svfiprintf.o)
                0x0000000001096588                __ssprint_r
 .text.___svfiprintf_internal_r
                0x0000000001096754     0x11b8 /home/uoftmda/altera_lite/15.1/nios2eds/bin/gnu/H-x86_64-pc-linux-gnu/bin/../lib/gcc/nios2-elf/4.9.2/../../../../../H-x86_64-pc-linux-gnu/nios2-elf/lib/mno-hw-mul/libc.a(lib_a-svfiprintf.o)
                0x0000000001096754                ___svfiprintf_internal_r
 .text          0x000000000109790c        0x0 /home/uoftmda/altera_lite/15.1/nios2eds/bin/gnu/H-x86_64-pc-linux-gnu/bin/../lib/gcc/nios2-elf/4.9.2/../../../../../H-x86_64-pc-linux-gnu/nios2-elf/lib/mno-hw-mul/libc.a(lib_a-svfiscanf.o)
 .text._sungetc_r
                0x000000000109790c       0xf8 /home/uoftmda/altera_lite/15.1/nios2eds/bin/gnu/H-x86_64-pc-linux-gnu/bin/../lib/gcc/nios2-elf/4.9.2/../../../../../H-x86_64-pc-linux-gnu/nios2-elf/lib/mno-hw-mul/libc.a(lib_a-svfiscanf.o)
                0x000000000109790c                _sungetc_r
 .text.__ssrefill_r
                0x0000000001097a04       0x70 /home/uoftmda/altera_lite/15.1/nios2eds/bin/gnu/H-x86_64-pc-linux-gnu/bin/../lib/gcc/nios2-elf/4.9.2/../../../../../H-x86_64-pc-linux-gnu/nios2-elf/lib/mno-hw-mul/libc.a(lib_a-svfiscanf.o)
                0x0000000001097a04                __ssrefill_r
 .text._sfread_r
                0x0000000001097a74      0x100 /home/uoftmda/altera_lite/15.1/nios2eds/bin/gnu/H-x86_64-pc-linux-gnu/bin/../lib/gcc/nios2-elf/4.9.2/../../../../../H-x86_64-pc-linux-gnu/nios2-elf/lib/mno-hw-mul/libc.a(lib_a-svfiscanf.o)
                0x0000000001097a74                _sfread_r
 .text.__ssvfiscanf_r
                0x0000000001097b74     0x10a4 /home/uoftmda/altera_lite/15.1/nios2eds/bin/gnu/H-x86_64-pc-linux-gnu/bin/../lib/gcc/nios2-elf/4.9.2/../../../../../H-x86_64-pc-linux-gnu/nios2-elf/lib/mno-hw-mul/libc.a(lib_a-svfiscanf.o)
                0x0000000001097b74                __ssvfiscanf_r
 .text          0x0000000001098c18        0x0 /home/uoftmda/altera_lite/15.1/nios2eds/bin/gnu/H-x86_64-pc-linux-gnu/bin/../lib/gcc/nios2-elf/4.9.2/../../../../../H-x86_64-pc-linux-gnu/nios2-elf/lib/mno-hw-mul/libc.a(lib_a-ungetc.o)
 .text.__submore
                0x0000000001098c18       0xd4 /home/uoftmda/altera_lite/15.1/nios2eds/bin/gnu/H-x86_64-pc-linux-gnu/bin/../lib/gcc/nios2-elf/4.9.2/../../../../../H-x86_64-pc-linux-gnu/nios2-elf/lib/mno-hw-mul/libc.a(lib_a-ungetc.o)
                0x0000000001098c18                __submore
 .text._ungetc_r
                0x0000000001098cec      0x188 /home/uoftmda/altera_lite/15.1/nios2eds/bin/gnu/H-x86_64-pc-linux-gnu/bin/../lib/gcc/nios2-elf/4.9.2/../../../../../H-x86_64-pc-linux-gnu/nios2-elf/lib/mno-hw-mul/libc.a(lib_a-ungetc.o)
                0x0000000001098cec                _ungetc_r
 .text.ungetc   0x0000000001098e74       0x1c /home/uoftmda/altera_lite/15.1/nios2eds/bin/gnu/H-x86_64-pc-linux-gnu/bin/../lib/gcc/nios2-elf/4.9.2/../../../../../H-x86_64-pc-linux-gnu/nios2-elf/lib/mno-hw-mul/libc.a(lib_a-ungetc.o)
                0x0000000001098e74                ungetc
 .text          0x0000000001098e90        0x0 /home/uoftmda/altera_lite/15.1/nios2eds/bin/gnu/H-x86_64-pc-linux-gnu/bin/../lib/gcc/nios2-elf/4.9.2/../../../../../H-x86_64-pc-linux-gnu/nios2-elf/lib/mno-hw-mul/libc.a(lib_a-vfiprintf.o)
 .text.__sprint_r.part.0
                0x0000000001098e90       0xfc /home/uoftmda/altera_lite/15.1/nios2eds/bin/gnu/H-x86_64-pc-linux-gnu/bin/../lib/gcc/nios2-elf/4.9.2/../../../../../H-x86_64-pc-linux-gnu/nios2-elf/lib/mno-hw-mul/libc.a(lib_a-vfiprintf.o)
 .text.__sprint_r
                0x0000000001098f8c       0x18 /home/uoftmda/altera_lite/15.1/nios2eds/bin/gnu/H-x86_64-pc-linux-gnu/bin/../lib/gcc/nios2-elf/4.9.2/../../../../../H-x86_64-pc-linux-gnu/nios2-elf/lib/mno-hw-mul/libc.a(lib_a-vfiprintf.o)
                0x0000000001098f8c                __sprint_r
 .text.___vfiprintf_internal_r
                0x0000000001098fa4     0x12f0 /home/uoftmda/altera_lite/15.1/nios2eds/bin/gnu/H-x86_64-pc-linux-gnu/bin/../lib/gcc/nios2-elf/4.9.2/../../../../../H-x86_64-pc-linux-gnu/nios2-elf/lib/mno-hw-mul/libc.a(lib_a-vfiprintf.o)
                0x0000000001098fa4                ___vfiprintf_internal_r
 .text.__vfiprintf_internal
                0x000000000109a294       0x24 /home/uoftmda/altera_lite/15.1/nios2eds/bin/gnu/H-x86_64-pc-linux-gnu/bin/../lib/gcc/nios2-elf/4.9.2/../../../../../H-x86_64-pc-linux-gnu/nios2-elf/lib/mno-hw-mul/libc.a(lib_a-vfiprintf.o)
                0x000000000109a294                __vfiprintf_internal
 .text.__sbprintf
                0x000000000109a2b8       0xbc /home/uoftmda/altera_lite/15.1/nios2eds/bin/gnu/H-x86_64-pc-linux-gnu/bin/../lib/gcc/nios2-elf/4.9.2/../../../../../H-x86_64-pc-linux-gnu/nios2-elf/lib/mno-hw-mul/libc.a(lib_a-vfiprintf.o)
 .text          0x000000000109a374        0x0 /home/uoftmda/altera_lite/15.1/nios2eds/bin/gnu/H-x86_64-pc-linux-gnu/bin/../lib/gcc/nios2-elf/4.9.2/../../../../../H-x86_64-pc-linux-gnu/nios2-elf/lib/mno-hw-mul/libc.a(lib_a-callocr.o)
 .text._calloc_r
                0x000000000109a374       0xd8 /home/uoftmda/altera_lite/15.1/nios2eds/bin/gnu/H-x86_64-pc-linux-gnu/bin/../lib/gcc/nios2-elf/4.9.2/../../../../../H-x86_64-pc-linux-gnu/nios2-elf/lib/mno-hw-mul/libc.a(lib_a-callocr.o)
                0x000000000109a374                _calloc_r
 .text          0x000000000109a44c        0x0 /home/uoftmda/altera_lite/15.1/nios2eds/bin/gnu/H-x86_64-pc-linux-gnu/bin/../lib/gcc/nios2-elf/4.9.2/../../../../../H-x86_64-pc-linux-gnu/nios2-elf/lib/mno-hw-mul/libc.a(lib_a-fclose.o)
 .text._fclose_r
                0x000000000109a44c       0xf0 /home/uoftmda/altera_lite/15.1/nios2eds/bin/gnu/H-x86_64-pc-linux-gnu/bin/../lib/gcc/nios2-elf/4.9.2/../../../../../H-x86_64-pc-linux-gnu/nios2-elf/lib/mno-hw-mul/libc.a(lib_a-fclose.o)
                0x000000000109a44c                _fclose_r
 .text.fclose   0x000000000109a53c       0x14 /home/uoftmda/altera_lite/15.1/nios2eds/bin/gnu/H-x86_64-pc-linux-gnu/bin/../lib/gcc/nios2-elf/4.9.2/../../../../../H-x86_64-pc-linux-gnu/nios2-elf/lib/mno-hw-mul/libc.a(lib_a-fclose.o)
                0x000000000109a53c                fclose
 .text          0x000000000109a550        0x0 /home/uoftmda/altera_lite/15.1/nios2eds/bin/gnu/H-x86_64-pc-linux-gnu/bin/../lib/gcc/nios2-elf/4.9.2/../../../../../H-x86_64-pc-linux-gnu/nios2-elf/lib/mno-hw-mul/libc.a(lib_a-fputwc.o)
 .text._fputwc_r
                0x000000000109a550      0x184 /home/uoftmda/altera_lite/15.1/nios2eds/bin/gnu/H-x86_64-pc-linux-gnu/bin/../lib/gcc/nios2-elf/4.9.2/../../../../../H-x86_64-pc-linux-gnu/nios2-elf/lib/mno-hw-mul/libc.a(lib_a-fputwc.o)
                0x000000000109a550                _fputwc_r
 .text.fputwc   0x000000000109a6d4       0x5c /home/uoftmda/altera_lite/15.1/nios2eds/bin/gnu/H-x86_64-pc-linux-gnu/bin/../lib/gcc/nios2-elf/4.9.2/../../../../../H-x86_64-pc-linux-gnu/nios2-elf/lib/mno-hw-mul/libc.a(lib_a-fputwc.o)
                0x000000000109a6d4                fputwc
 .text          0x000000000109a730        0x0 /home/uoftmda/altera_lite/15.1/nios2eds/bin/gnu/H-x86_64-pc-linux-gnu/bin/../lib/gcc/nios2-elf/4.9.2/../../../../../H-x86_64-pc-linux-gnu/nios2-elf/lib/mno-hw-mul/libc.a(lib_a-fstatr.o)
 .text._fstat_r
                0x000000000109a730       0x58 /home/uoftmda/altera_lite/15.1/nios2eds/bin/gnu/H-x86_64-pc-linux-gnu/bin/../lib/gcc/nios2-elf/4.9.2/../../../../../H-x86_64-pc-linux-gnu/nios2-elf/lib/mno-hw-mul/libc.a(lib_a-fstatr.o)
                0x000000000109a730                _fstat_r
 .text          0x000000000109a788        0x0 /home/uoftmda/altera_lite/15.1/nios2eds/bin/gnu/H-x86_64-pc-linux-gnu/bin/../lib/gcc/nios2-elf/4.9.2/../../../../../H-x86_64-pc-linux-gnu/nios2-elf/lib/mno-hw-mul/libc.a(lib_a-gdtoa-gethex.o)
 .text.rshift   0x000000000109a788      0x100 /home/uoftmda/altera_lite/15.1/nios2eds/bin/gnu/H-x86_64-pc-linux-gnu/bin/../lib/gcc/nios2-elf/4.9.2/../../../../../H-x86_64-pc-linux-gnu/nios2-elf/lib/mno-hw-mul/libc.a(lib_a-gdtoa-gethex.o)
 .text.__gethex
                0x000000000109a888      0x850 /home/uoftmda/altera_lite/15.1/nios2eds/bin/gnu/H-x86_64-pc-linux-gnu/bin/../lib/gcc/nios2-elf/4.9.2/../../../../../H-x86_64-pc-linux-gnu/nios2-elf/lib/mno-hw-mul/libc.a(lib_a-gdtoa-gethex.o)
                0x000000000109a888                __gethex
 .text          0x000000000109b0d8        0x0 /home/uoftmda/altera_lite/15.1/nios2eds/bin/gnu/H-x86_64-pc-linux-gnu/bin/../lib/gcc/nios2-elf/4.9.2/../../../../../H-x86_64-pc-linux-gnu/nios2-elf/lib/mno-hw-mul/libc.a(lib_a-gdtoa-hexnan.o)
 .text.__hexnan
                0x000000000109b0d8      0x26c /home/uoftmda/altera_lite/15.1/nios2eds/bin/gnu/H-x86_64-pc-linux-gnu/bin/../lib/gcc/nios2-elf/4.9.2/../../../../../H-x86_64-pc-linux-gnu/nios2-elf/lib/mno-hw-mul/libc.a(lib_a-gdtoa-hexnan.o)
                0x000000000109b0d8                __hexnan
 .text          0x000000000109b344        0x0 /home/uoftmda/altera_lite/15.1/nios2eds/bin/gnu/H-x86_64-pc-linux-gnu/bin/../lib/gcc/nios2-elf/4.9.2/../../../../../H-x86_64-pc-linux-gnu/nios2-elf/lib/mno-hw-mul/libc.a(lib_a-isattyr.o)
 .text._isatty_r
                0x000000000109b344       0x54 /home/uoftmda/altera_lite/15.1/nios2eds/bin/gnu/H-x86_64-pc-linux-gnu/bin/../lib/gcc/nios2-elf/4.9.2/../../../../../H-x86_64-pc-linux-gnu/nios2-elf/lib/mno-hw-mul/libc.a(lib_a-isattyr.o)
                0x000000000109b344                _isatty_r
 .text          0x000000000109b398        0x0 /home/uoftmda/altera_lite/15.1/nios2eds/bin/gnu/H-x86_64-pc-linux-gnu/bin/../lib/gcc/nios2-elf/4.9.2/../../../../../H-x86_64-pc-linux-gnu/nios2-elf/lib/mno-hw-mul/libc.a(lib_a-wbuf.o)
 .text.__swbuf_r
                0x000000000109b398      0x138 /home/uoftmda/altera_lite/15.1/nios2eds/bin/gnu/H-x86_64-pc-linux-gnu/bin/../lib/gcc/nios2-elf/4.9.2/../../../../../H-x86_64-pc-linux-gnu/nios2-elf/lib/mno-hw-mul/libc.a(lib_a-wbuf.o)
                0x000000000109b398                __swbuf_r
 .text.__swbuf  0x000000000109b4d0       0x1c /home/uoftmda/altera_lite/15.1/nios2eds/bin/gnu/H-x86_64-pc-linux-gnu/bin/../lib/gcc/nios2-elf/4.9.2/../../../../../H-x86_64-pc-linux-gnu/nios2-elf/lib/mno-hw-mul/libc.a(lib_a-wbuf.o)
                0x000000000109b4d0                __swbuf
 .text          0x000000000109b4ec        0x0 /home/uoftmda/altera_lite/15.1/nios2eds/bin/gnu/H-x86_64-pc-linux-gnu/bin/../lib/gcc/nios2-elf/4.9.2/../../../../../H-x86_64-pc-linux-gnu/nios2-elf/lib/mno-hw-mul/libc.a(lib_a-wcrtomb.o)
 .text._wcrtomb_r
                0x000000000109b4ec       0x9c /home/uoftmda/altera_lite/15.1/nios2eds/bin/gnu/H-x86_64-pc-linux-gnu/bin/../lib/gcc/nios2-elf/4.9.2/../../../../../H-x86_64-pc-linux-gnu/nios2-elf/lib/mno-hw-mul/libc.a(lib_a-wcrtomb.o)
                0x000000000109b4ec                _wcrtomb_r
 .text.wcrtomb  0x000000000109b588       0xc0 /home/uoftmda/altera_lite/15.1/nios2eds/bin/gnu/H-x86_64-pc-linux-gnu/bin/../lib/gcc/nios2-elf/4.9.2/../../../../../H-x86_64-pc-linux-gnu/nios2-elf/lib/mno-hw-mul/libc.a(lib_a-wcrtomb.o)
                0x000000000109b588                wcrtomb
 .text          0x000000000109b648        0x0 /home/uoftmda/altera_lite/15.1/nios2eds/bin/gnu/H-x86_64-pc-linux-gnu/bin/../lib/gcc/nios2-elf/4.9.2/../../../../../H-x86_64-pc-linux-gnu/nios2-elf/lib/mno-hw-mul/libc.a(lib_a-wctomb_r.o)
 .text.__ascii_wctomb
                0x000000000109b648       0x30 /home/uoftmda/altera_lite/15.1/nios2eds/bin/gnu/H-x86_64-pc-linux-gnu/bin/../lib/gcc/nios2-elf/4.9.2/../../../../../H-x86_64-pc-linux-gnu/nios2-elf/lib/mno-hw-mul/libc.a(lib_a-wctomb_r.o)
                0x000000000109b648                __ascii_wctomb
 .text._wctomb_r
                0x000000000109b678       0x5c /home/uoftmda/altera_lite/15.1/nios2eds/bin/gnu/H-x86_64-pc-linux-gnu/bin/../lib/gcc/nios2-elf/4.9.2/../../../../../H-x86_64-pc-linux-gnu/nios2-elf/lib/mno-hw-mul/libc.a(lib_a-wctomb_r.o)
                0x000000000109b678                _wctomb_r
 .text          0x000000000109b6d4      0x10c /home/uoftmda/altera_lite/15.1/nios2eds/bin/gnu/H-x86_64-pc-linux-gnu/bin/../lib/gcc/nios2-elf/4.9.2/mno-hw-mul/libgcc.a(_muldi3.o)
                0x000000000109b6d4                __muldi3
 .text          0x000000000109b7e0       0x74 /home/uoftmda/altera_lite/15.1/nios2eds/bin/gnu/H-x86_64-pc-linux-gnu/bin/../lib/gcc/nios2-elf/4.9.2/mno-hw-mul/libgcc.a(_fixunsdfsi.o)
                0x000000000109b7e0                __fixunsdfsi
 .text          0x000000000109b854      0x640 /home/uoftmda/altera_lite/15.1/nios2eds/bin/gnu/H-x86_64-pc-linux-gnu/bin/../lib/gcc/nios2-elf/4.9.2/mno-hw-mul/libgcc.a(_udivdi3.o)
                0x000000000109b854                __udivdi3
 .text          0x000000000109be94      0x61c /home/uoftmda/altera_lite/15.1/nios2eds/bin/gnu/H-x86_64-pc-linux-gnu/bin/../lib/gcc/nios2-elf/4.9.2/mno-hw-mul/libgcc.a(_umoddi3.o)
                0x000000000109be94                __umoddi3
 .text          0x000000000109c4b0       0x74 /home/uoftmda/altera_lite/15.1/nios2eds/bin/gnu/H-x86_64-pc-linux-gnu/bin/../lib/gcc/nios2-elf/4.9.2/mno-hw-mul/libgcc.a(eqsf2.o)
                0x000000000109c4b0                __nesf2
                0x000000000109c4b0                __eqsf2
 .text          0x000000000109c524       0xb8 /home/uoftmda/altera_lite/15.1/nios2eds/bin/gnu/H-x86_64-pc-linux-gnu/bin/../lib/gcc/nios2-elf/4.9.2/mno-hw-mul/libgcc.a(gesf2.o)
                0x000000000109c524                __gtsf2
                0x000000000109c524                __gesf2
 .text          0x000000000109c5dc       0xb8 /home/uoftmda/altera_lite/15.1/nios2eds/bin/gnu/H-x86_64-pc-linux-gnu/bin/../lib/gcc/nios2-elf/4.9.2/mno-hw-mul/libgcc.a(lesf2.o)
                0x000000000109c5dc                __lesf2
                0x000000000109c5dc                __ltsf2
 .text          0x000000000109c694       0xa4 /home/uoftmda/altera_lite/15.1/nios2eds/bin/gnu/H-x86_64-pc-linux-gnu/bin/../lib/gcc/nios2-elf/4.9.2/mno-hw-mul/libgcc.a(floatunsidf.o)
                0x000000000109c694                __floatunsidf
 .text          0x000000000109c738      0x128 ../bsp/libhal_bsp.a(alt_close.o)
                0x000000000109c788                close
 .text          0x000000000109c860       0x2c ../bsp/libhal_bsp.a(alt_dev.o)
 .text          0x000000000109c88c        0x0 ../bsp/libhal_bsp.a(alt_errno.o)
 .text          0x000000000109c88c      0x178 ../bsp/libhal_bsp.a(alt_fcntl.o)
                0x000000000109c8dc                fcntl
 .text          0x000000000109ca04      0x108 ../bsp/libhal_bsp.a(alt_fstat.o)
                0x000000000109ca54                fstat
 .text          0x000000000109cb0c       0x3c ../bsp/libhal_bsp.a(alt_getchar.o)
                0x000000000109cb0c                alt_getchar
 .text          0x000000000109cb48      0x1e0 ../bsp/libhal_bsp.a(alt_iic.o)
                0x000000000109cb48                alt_ic_isr_register
                0x000000000109cb98                alt_ic_irq_enable
                0x000000000109cc38                alt_ic_irq_disable
                0x000000000109ccdc                alt_ic_irq_enabled
 .text          0x000000000109cd28       0xf0 ../bsp/libhal_bsp.a(alt_iic_isr_register.o)
                0x000000000109cd28                alt_iic_isr_register
 .text          0x000000000109ce18        0x0 ../bsp/libhal_bsp.a(alt_irq_entry.o)
 .text          0x000000000109ce18        0x0 ../bsp/libhal_bsp.a(alt_irq_handler.o)
 .text          0x000000000109ce18        0x0 ../bsp/libhal_bsp.a(alt_irq_vars.o)
 .text          0x000000000109ce18       0xfc ../bsp/libhal_bsp.a(alt_isatty.o)
                0x000000000109ce68                isatty
 .text          0x000000000109cf14       0xe4 ../bsp/libhal_bsp.a(alt_load.o)
                0x000000000109cf78                alt_load
 .text          0x000000000109cff8      0x12c ../bsp/libhal_bsp.a(alt_lseek.o)
                0x000000000109d048                lseek
 .text          0x000000000109d124       0x78 ../bsp/libhal_bsp.a(alt_main.o)
                0x000000000109d124                alt_main
 .text          0x000000000109d19c       0x40 ../bsp/libhal_bsp.a(alt_malloc_lock.o)
                0x000000000109d19c                __malloc_lock
                0x000000000109d1bc                __malloc_unlock
 .text          0x000000000109d1dc      0x228 ../bsp/libhal_bsp.a(alt_printf.o)
                0x000000000109d1dc                alt_printf
 .text          0x000000000109d404       0x44 ../bsp/libhal_bsp.a(alt_putchar.o)
                0x000000000109d404                alt_putchar
 .text          0x000000000109d448       0x44 ../bsp/libhal_bsp.a(alt_putstr.o)
                0x000000000109d448                alt_putstr
 .text          0x000000000109d48c      0x154 ../bsp/libhal_bsp.a(alt_read.o)
                0x000000000109d4dc                read
 .text          0x000000000109d5e0       0x80 ../bsp/libhal_bsp.a(alt_release_fd.o)
                0x000000000109d5e0                alt_release_fd
 .text          0x000000000109d660       0xb0 ../bsp/libhal_bsp.a(alt_sbrk.o)
                0x000000000109d660                sbrk
 .text          0x000000000109d710      0x150 ../bsp/libhal_bsp.a(alt_write.o)
                0x000000000109d760                write
 .text          0x000000000109d860       0xcc ../bsp/libhal_bsp.a(alt_sys_init.o)
                0x000000000109d898                alt_irq_init
                0x000000000109d8cc                alt_sys_init
 .text          0x000000000109d92c      0x164 ../bsp/libhal_bsp.a(altera_avalon_jtag_uart_fd.o)
                0x000000000109d92c                altera_avalon_jtag_uart_read_fd
                0x000000000109d98c                altera_avalon_jtag_uart_write_fd
                0x000000000109d9ec                altera_avalon_jtag_uart_close_fd
                0x000000000109da3c                altera_avalon_jtag_uart_ioctl_fd
 .text          0x000000000109da90      0x3d8 ../bsp/libhal_bsp.a(altera_avalon_jtag_uart_init.o)
                0x000000000109da90                altera_avalon_jtag_uart_init
                0x000000000109de00                altera_avalon_jtag_uart_close
 .text          0x000000000109de68       0xec ../bsp/libhal_bsp.a(altera_avalon_jtag_uart_ioctl.o)
                0x000000000109de68                altera_avalon_jtag_uart_ioctl
 .text          0x000000000109df54      0x20c ../bsp/libhal_bsp.a(altera_avalon_jtag_uart_read.o)
                0x000000000109df54                altera_avalon_jtag_uart_read
 .text          0x000000000109e160      0x218 ../bsp/libhal_bsp.a(altera_avalon_jtag_uart_write.o)
                0x000000000109e160                altera_avalon_jtag_uart_write
 .text          0x000000000109e378       0xfc ../bsp/libhal_bsp.a(altera_avalon_timer_sc.o)
                0x000000000109e3ec                alt_avalon_timer_sc_init
 .text          0x000000000109e474      0x140 ../bsp/libhal_bsp.a(alt_alarm_start.o)
                0x000000000109e474                alt_alarm_start
 .text          0x000000000109e5b4       0x1c ../bsp/libhal_bsp.a(alt_dcache_flush_all.o)
                0x000000000109e5b4                alt_dcache_flush_all
 .text          0x000000000109e5d0       0xf4 ../bsp/libhal_bsp.a(alt_dev_llist_insert.o)
                0x000000000109e620                alt_dev_llist_insert
 .text          0x000000000109e6c4       0x5c ../bsp/libhal_bsp.a(alt_do_ctors.o)
                0x000000000109e6c4                _do_ctors
 .text          0x000000000109e720       0x5c ../bsp/libhal_bsp.a(alt_do_dtors.o)
                0x000000000109e720                _do_dtors
 .text          0x000000000109e77c        0x0 ../bsp/libhal_bsp.a(alt_exception_entry.o)
 .text          0x000000000109e77c       0x1c ../bsp/libhal_bsp.a(alt_icache_flush_all.o)
                0x000000000109e77c                alt_icache_flush_all
 .text          0x000000000109e798       0x9c ../bsp/libhal_bsp.a(alt_instruction_exception_entry.o)
                0x000000000109e798                alt_exception_cause_generated_bad_addr
 .text          0x000000000109e834      0x158 ../bsp/libhal_bsp.a(alt_io_redirect.o)
                0x000000000109e914                alt_io_redirect
 .text          0x000000000109e98c      0x2a4 ../bsp/libhal_bsp.a(alt_open.o)
                0x000000000109ead0                open
 .text          0x000000000109ec30      0x19c ../bsp/libhal_bsp.a(alt_tick.o)
                0x000000000109ec30                alt_alarm_stop
                0x000000000109ecc8                alt_tick
 .text          0x000000000109edcc       0x20 ../bsp/libhal_bsp.a(altera_nios2_gen2_irq.o)
                0x000000000109edcc                altera_nios2_gen2_irq_init
 .text          0x000000000109edec       0x90 ../bsp/libhal_bsp.a(alt_find_dev.o)
                0x000000000109edec                alt_find_dev
 .text          0x000000000109ee7c      0x114 ../bsp/libhal_bsp.a(alt_find_file.o)
                0x000000000109ee7c                alt_find_file
 .text          0x000000000109ef90       0xd4 ../bsp/libhal_bsp.a(alt_get_fd.o)
                0x000000000109ef90                alt_get_fd
 .text          0x000000000109f064        0x0 /home/uoftmda/altera_lite/15.1/nios2eds/bin/gnu/H-x86_64-pc-linux-gnu/bin/../lib/gcc/nios2-elf/4.9.2/../../../../../H-x86_64-pc-linux-gnu/nios2-elf/lib/mno-hw-mul/libc.a(lib_a-atexit.o)
 .text.atexit   0x000000000109f064       0x14 /home/uoftmda/altera_lite/15.1/nios2eds/bin/gnu/H-x86_64-pc-linux-gnu/bin/../lib/gcc/nios2-elf/4.9.2/../../../../../H-x86_64-pc-linux-gnu/nios2-elf/lib/mno-hw-mul/libc.a(lib_a-atexit.o)
                0x000000000109f064                atexit
 .text          0x000000000109f078        0x0 /home/uoftmda/altera_lite/15.1/nios2eds/bin/gnu/H-x86_64-pc-linux-gnu/bin/../lib/gcc/nios2-elf/4.9.2/../../../../../H-x86_64-pc-linux-gnu/nios2-elf/lib/mno-hw-mul/libc.a(lib_a-exit.o)
 .text.exit     0x000000000109f078       0x38 /home/uoftmda/altera_lite/15.1/nios2eds/bin/gnu/H-x86_64-pc-linux-gnu/bin/../lib/gcc/nios2-elf/4.9.2/../../../../../H-x86_64-pc-linux-gnu/nios2-elf/lib/mno-hw-mul/libc.a(lib_a-exit.o)
                0x000000000109f078                exit
 .text          0x000000000109f0b0        0x0 /home/uoftmda/altera_lite/15.1/nios2eds/bin/gnu/H-x86_64-pc-linux-gnu/bin/../lib/gcc/nios2-elf/4.9.2/../../../../../H-x86_64-pc-linux-gnu/nios2-elf/lib/mno-hw-mul/libc.a(lib_a-fputs.o)
 .text._fputs_r
                0x000000000109f0b0       0x9c /home/uoftmda/altera_lite/15.1/nios2eds/bin/gnu/H-x86_64-pc-linux-gnu/bin/../lib/gcc/nios2-elf/4.9.2/../../../../../H-x86_64-pc-linux-gnu/nios2-elf/lib/mno-hw-mul/libc.a(lib_a-fputs.o)
                0x000000000109f0b0                _fputs_r
 .text.fputs    0x000000000109f14c       0x1c /home/uoftmda/altera_lite/15.1/nios2eds/bin/gnu/H-x86_64-pc-linux-gnu/bin/../lib/gcc/nios2-elf/4.9.2/../../../../../H-x86_64-pc-linux-gnu/nios2-elf/lib/mno-hw-mul/libc.a(lib_a-fputs.o)
                0x000000000109f14c                fputs
 .text          0x000000000109f168        0x0 /home/uoftmda/altera_lite/15.1/nios2eds/bin/gnu/H-x86_64-pc-linux-gnu/bin/../lib/gcc/nios2-elf/4.9.2/../../../../../H-x86_64-pc-linux-gnu/nios2-elf/lib/mno-hw-mul/libc.a(lib_a-getc.o)
 .text._getc_r  0x000000000109f168       0x70 /home/uoftmda/altera_lite/15.1/nios2eds/bin/gnu/H-x86_64-pc-linux-gnu/bin/../lib/gcc/nios2-elf/4.9.2/../../../../../H-x86_64-pc-linux-gnu/nios2-elf/lib/mno-hw-mul/libc.a(lib_a-getc.o)
                0x000000000109f168                _getc_r
 .text.getc     0x000000000109f1d8       0x88 /home/uoftmda/altera_lite/15.1/nios2eds/bin/gnu/H-x86_64-pc-linux-gnu/bin/../lib/gcc/nios2-elf/4.9.2/../../../../../H-x86_64-pc-linux-gnu/nios2-elf/lib/mno-hw-mul/libc.a(lib_a-getc.o)
                0x000000000109f1d8                getc
 .text          0x000000000109f260        0x0 /home/uoftmda/altera_lite/15.1/nios2eds/bin/gnu/H-x86_64-pc-linux-gnu/bin/../lib/gcc/nios2-elf/4.9.2/../../../../../H-x86_64-pc-linux-gnu/nios2-elf/lib/mno-hw-mul/libc.a(lib_a-memcmp.o)
 .text.memcmp   0x000000000109f260       0x7c /home/uoftmda/altera_lite/15.1/nios2eds/bin/gnu/H-x86_64-pc-linux-gnu/bin/../lib/gcc/nios2-elf/4.9.2/../../../../../H-x86_64-pc-linux-gnu/nios2-elf/lib/mno-hw-mul/libc.a(lib_a-memcmp.o)
                0x000000000109f260                memcmp
 .text          0x000000000109f2dc        0x0 /home/uoftmda/altera_lite/15.1/nios2eds/bin/gnu/H-x86_64-pc-linux-gnu/bin/../lib/gcc/nios2-elf/4.9.2/../../../../../H-x86_64-pc-linux-gnu/nios2-elf/lib/mno-hw-mul/libc.a(lib_a-putc.o)
 .text._putc_r  0x000000000109f2dc       0xa0 /home/uoftmda/altera_lite/15.1/nios2eds/bin/gnu/H-x86_64-pc-linux-gnu/bin/../lib/gcc/nios2-elf/4.9.2/../../../../../H-x86_64-pc-linux-gnu/nios2-elf/lib/mno-hw-mul/libc.a(lib_a-putc.o)
                0x000000000109f2dc                _putc_r
 .text.putc     0x000000000109f37c       0xcc /home/uoftmda/altera_lite/15.1/nios2eds/bin/gnu/H-x86_64-pc-linux-gnu/bin/../lib/gcc/nios2-elf/4.9.2/../../../../../H-x86_64-pc-linux-gnu/nios2-elf/lib/mno-hw-mul/libc.a(lib_a-putc.o)
                0x000000000109f37c                putc
 .text          0x000000000109f448        0x0 /home/uoftmda/altera_lite/15.1/nios2eds/bin/gnu/H-x86_64-pc-linux-gnu/bin/../lib/gcc/nios2-elf/4.9.2/../../../../../H-x86_64-pc-linux-gnu/nios2-elf/lib/mno-hw-mul/libc.a(lib_a-rget.o)
 .text.__srget_r
                0x000000000109f448       0x74 /home/uoftmda/altera_lite/15.1/nios2eds/bin/gnu/H-x86_64-pc-linux-gnu/bin/../lib/gcc/nios2-elf/4.9.2/../../../../../H-x86_64-pc-linux-gnu/nios2-elf/lib/mno-hw-mul/libc.a(lib_a-rget.o)
                0x000000000109f448                __srget_r
 .text.__srget  0x000000000109f4bc       0x14 /home/uoftmda/altera_lite/15.1/nios2eds/bin/gnu/H-x86_64-pc-linux-gnu/bin/../lib/gcc/nios2-elf/4.9.2/../../../../../H-x86_64-pc-linux-gnu/nios2-elf/lib/mno-hw-mul/libc.a(lib_a-rget.o)
                0x000000000109f4bc                __srget
 .text          0x000000000109f4d0        0x0 /home/uoftmda/altera_lite/15.1/nios2eds/bin/gnu/H-x86_64-pc-linux-gnu/bin/../lib/gcc/nios2-elf/4.9.2/../../../../../H-x86_64-pc-linux-gnu/nios2-elf/lib/mno-hw-mul/libc.a(lib_a-__atexit.o)
 .text.__register_exitproc
                0x000000000109f4d0      0x114 /home/uoftmda/altera_lite/15.1/nios2eds/bin/gnu/H-x86_64-pc-linux-gnu/bin/../lib/gcc/nios2-elf/4.9.2/../../../../../H-x86_64-pc-linux-gnu/nios2-elf/lib/mno-hw-mul/libc.a(lib_a-__atexit.o)
                0x000000000109f4d0                __register_exitproc
 .text          0x000000000109f5e4        0x0 /home/uoftmda/altera_lite/15.1/nios2eds/bin/gnu/H-x86_64-pc-linux-gnu/bin/../lib/gcc/nios2-elf/4.9.2/../../../../../H-x86_64-pc-linux-gnu/nios2-elf/lib/mno-hw-mul/libc.a(lib_a-__call_atexit.o)
 .text.__call_exitprocs
                0x000000000109f5e4      0x194 /home/uoftmda/altera_lite/15.1/nios2eds/bin/gnu/H-x86_64-pc-linux-gnu/bin/../lib/gcc/nios2-elf/4.9.2/../../../../../H-x86_64-pc-linux-gnu/nios2-elf/lib/mno-hw-mul/libc.a(lib_a-__call_atexit.o)
                0x000000000109f5e4                __call_exitprocs
 .text          0x000000000109f778        0x0 /home/uoftmda/altera_lite/15.1/nios2eds/bin/gnu/H-x86_64-pc-linux-gnu/bin/../lib/gcc/nios2-elf/4.9.2/../../../../../H-x86_64-pc-linux-gnu/nios2-elf/lib/mno-hw-mul/libc.a(lib_a-refill.o)
 .text.lflush   0x000000000109f778       0x1c /home/uoftmda/altera_lite/15.1/nios2eds/bin/gnu/H-x86_64-pc-linux-gnu/bin/../lib/gcc/nios2-elf/4.9.2/../../../../../H-x86_64-pc-linux-gnu/nios2-elf/lib/mno-hw-mul/libc.a(lib_a-refill.o)
 .text.__srefill_r
                0x000000000109f794      0x1d4 /home/uoftmda/altera_lite/15.1/nios2eds/bin/gnu/H-x86_64-pc-linux-gnu/bin/../lib/gcc/nios2-elf/4.9.2/../../../../../H-x86_64-pc-linux-gnu/nios2-elf/lib/mno-hw-mul/libc.a(lib_a-refill.o)
                0x000000000109f794                __srefill_r
 .text          0x000000000109f968       0x34 ../bsp/libhal_bsp.a(alt_exit.o)
                0x000000000109f968                _exit
 *(.gnu.warning.*)
 *(.fini)
                0x000000000109f99c                PROVIDE (__etext, ABSOLUTE (.))
                0x000000000109f99c                PROVIDE (_etext, ABSOLUTE (.))
                0x000000000109f99c                PROVIDE (etext, ABSOLUTE (.))
 *(.eh_frame_hdr)
                0x000000000109f99c                . = ALIGN (0x4)
                0x000000000109f99c                PROVIDE (__preinit_array_start, ABSOLUTE (.))
 *(.preinit_array)
                0x000000000109f99c                PROVIDE (__preinit_array_end, ABSOLUTE (.))
                0x000000000109f99c                PROVIDE (__init_array_start, ABSOLUTE (.))
 *(.init_array)
                0x000000000109f99c                PROVIDE (__init_array_end, ABSOLUTE (.))
                0x000000000109f99c                PROVIDE (__fini_array_start, ABSOLUTE (.))
 *(.fini_array)
                0x000000000109f99c                PROVIDE (__fini_array_end, ABSOLUTE (.))
 *(.eh_frame)
 *(.gcc_except_table .gcc_except_table.*)
 *(.dynamic)