------------------------------------------------------------
TimeQuest Timing Analyzer Summary
------------------------------------------------------------

Type  : Slow 1100mV 85C Model Setup 'DE0_Nano_SOPC_inst|pll_0|altera_pll_i|general[0].gpll~PLL_OUTPUT_COUNTER|divclk'
Slack : 1.111
TNS   : 0.000

Type  : Slow 1100mV 85C Model Setup 'clk50'
Slack : 8.647
TNS   : 0.000

Type  : Slow 1100mV 85C Model Setup 'altera_reserved_tck'
Slack : 12.207
TNS   : 0.000

Type  : Slow 1100mV 85C Model Setup 'DE0_Nano_SOPC_inst|pll_0|altera_pll_i|general[4].gpll~PLL_OUTPUT_COUNTER|divclk'
Slack : 15.422
TNS   : 0.000

Type  : Slow 1100mV 85C Model Setup 'DE0_Nano_SOPC_inst|pll_0|altera_pll_i|general[2].gpll~PLL_OUTPUT_COUNTER|divclk'
Slack : 88.591
TNS   : 0.000

Type  : Slow 1100mV 85C Model Hold 'clk50'
Slack : -1.309
TNS   : -2.316

Type  : Slow 1100mV 85C Model Hold 'DE0_Nano_SOPC_inst|pll_0|altera_pll_i|general[2].gpll~PLL_OUTPUT_COUNTER|divclk'
Slack : 0.302
TNS   : 0.000

Type  : Slow 1100mV 85C Model Hold 'DE0_Nano_SOPC_inst|pll_0|altera_pll_i|general[0].gpll~PLL_OUTPUT_COUNTER|divclk'
Slack : 0.304
TNS   : 0.000

Type  : Slow 1100mV 85C Model Hold 'DE0_Nano_SOPC_inst|pll_0|altera_pll_i|general[4].gpll~PLL_OUTPUT_COUNTER|divclk'
Slack : 0.339
TNS   : 0.000

Type  : Slow 1100mV 85C Model Hold 'altera_reserved_tck'
Slack : 0.346
TNS   : 0.000

Type  : Slow 1100mV 85C Model Recovery 'DE0_Nano_SOPC_inst|pll_0|altera_pll_i|general[0].gpll~PLL_OUTPUT_COUNTER|divclk'
Slack : 5.264
TNS   : 0.000

Type  : Slow 1100mV 85C Model Recovery 'altera_reserved_tck'
Slack : 13.973
TNS   : 0.000

Type  : Slow 1100mV 85C Model Recovery 'clk50'
Slack : 16.260
TNS   : 0.000

Type  : Slow 1100mV 85C Model Recovery 'DE0_Nano_SOPC_inst|pll_0|altera_pll_i|general[2].gpll~PLL_OUTPUT_COUNTER|divclk'
Slack : 95.779
TNS   : 0.000

Type  : Slow 1100mV 85C Model Recovery 'DE0_Nano_SOPC_inst|pll_0|altera_pll_i|general[4].gpll~PLL_OUTPUT_COUNTER|divclk'
Slack : 98.476
TNS   : 0.000

Type  : Slow 1100mV 85C Model Removal 'DE0_Nano_SOPC_inst|pll_0|altera_pll_i|general[4].gpll~PLL_OUTPUT_COUNTER|divclk'
Slack : 0.851
TNS   : 0.000

Type  : Slow 1100mV 85C Model Removal 'altera_reserved_tck'
Slack : 0.984
TNS   : 0.000

Type  : Slow 1100mV 85C Model Removal 'DE0_Nano_SOPC_inst|pll_0|altera_pll_i|general[0].gpll~PLL_OUTPUT_COUNTER|divclk'
Slack : 1.006
TNS   : 0.000

Type  : Slow 1100mV 85C Model Removal 'clk50'
Slack : 1.094
TNS   : 0.000

Type  : Slow 1100mV 85C Model Removal 'DE0_Nano_SOPC_inst|pll_0|altera_pll_i|general[2].gpll~PLL_OUTPUT_COUNTER|divclk'
Slack : 1.174
TNS   : 0.000

Type  : Slow 1100mV 85C Model Minimum Pulse Width 'DE0_Nano_SOPC_inst|pll_0|altera_pll_i|general[0].gpll~FRACTIONAL_PLL|vcoph[0]'
Slack : 1.666
TNS   : 0.000

Type  : Slow 1100mV 85C Model Minimum Pulse Width 'DE0_Nano_SOPC_inst|pll_0|altera_pll_i|general[0].gpll~PLL_OUTPUT_COUNTER|divclk'
Slack : 3.744
TNS   : 0.000

Type  : Slow 1100mV 85C Model Minimum Pulse Width 'clk50'
Slack : 8.859
TNS   : 0.000

Type  : Slow 1100mV 85C Model Minimum Pulse Width 'altera_reserved_tck'
Slack : 15.763
TNS   : 0.000

Type  : Slow 1100mV 85C Model Minimum Pulse Width 'DE0_Nano_SOPC_inst|pll_0|altera_pll_i|general[2].gpll~PLL_OUTPUT_COUNTER|divclk'
Slack : 48.789
TNS   : 0.000

Type  : Slow 1100mV 85C Model Minimum Pulse Width 'DE0_Nano_SOPC_inst|pll_0|altera_pll_i|general[4].gpll~PLL_OUTPUT_COUNTER|divclk'
Slack : 249.139
TNS   : 0.000

Type  : Slow 1100mV 0C Model Setup 'DE0_Nano_SOPC_inst|pll_0|altera_pll_i|general[0].gpll~PLL_OUTPUT_COUNTER|divclk'
Slack : 1.310
TNS   : 0.000

Type  : Slow 1100mV 0C Model Setup 'clk50'
Slack : 8.875
TNS   : 0.000

Type  : Slow 1100mV 0C Model Setup 'altera_reserved_tck'
Slack : 12.374
TNS   : 0.000

Type  : Slow 1100mV 0C Model Setup 'DE0_Nano_SOPC_inst|pll_0|altera_pll_i|general[4].gpll~PLL_OUTPUT_COUNTER|divclk'
Slack : 15.503
TNS   : 0.000

Type  : Slow 1100mV 0C Model Setup 'DE0_Nano_SOPC_inst|pll_0|altera_pll_i|general[2].gpll~PLL_OUTPUT_COUNTER|divclk'
Slack : 88.958
TNS   : 0.000

Type  : Slow 1100mV 0C Model Hold 'clk50'
Slack : -1.302
TNS   : -2.319

Type  : Slow 1100mV 0C Model Hold 'DE0_Nano_SOPC_inst|pll_0|altera_pll_i|general[0].gpll~PLL_OUTPUT_COUNTER|divclk'
Slack : 0.287
TNS   : 0.000

Type  : Slow 1100mV 0C Model Hold 'DE0_Nano_SOPC_inst|pll_0|altera_pll_i|general[2].gpll~PLL_OUTPUT_COUNTER|divclk'
Slack : 0.288
TNS   : 0.000

Type  : Slow 1100mV 0C Model Hold 'DE0_Nano_SOPC_inst|pll_0|altera_pll_i|general[4].gpll~PLL_OUTPUT_COUNTER|divclk'
Slack : 0.317
TNS   : 0.000

Type  : Slow 1100mV 0C Model Hold 'altera_reserved_tck'
Slack : 0.324
TNS   : 0.000

Type  : Slow 1100mV 0C Model Recovery 'DE0_Nano_SOPC_inst|pll_0|altera_pll_i|general[0].gpll~PLL_OUTPUT_COUNTER|divclk'
Slack : 5.509
TNS   : 0.000

Type  : Slow 1100mV 0C Model Recovery 'altera_reserved_tck'
Slack : 14.151
TNS   : 0.000

Type  : Slow 1100mV 0C Model Recovery 'clk50'
Slack : 16.396
TNS   : 0.000

Type  : Slow 1100mV 0C Model Recovery 'DE0_Nano_SOPC_inst|pll_0|altera_pll_i|general[2].gpll~PLL_OUTPUT_COUNTER|divclk'
Slack : 95.929
TNS   : 0.000

Type  : Slow 1100mV 0C Model Recovery 'DE0_Nano_SOPC_inst|pll_0|altera_pll_i|general[4].gpll~PLL_OUTPUT_COUNTER|divclk'
Slack : 98.529
TNS   : 0.000

Type  : Slow 1100mV 0C Model Removal 'DE0_Nano_SOPC_inst|pll_0|altera_pll_i|general[4].gpll~PLL_OUTPUT_COUNTER|divclk'
Slack : 0.796
TNS   : 0.000

Type  : Slow 1100mV 0C Model Removal 'altera_reserved_tck'
Slack : 0.934
TNS   : 0.000

Type  : Slow 1100mV 0C Model Removal 'DE0_Nano_SOPC_inst|pll_0|altera_pll_i|general[0].gpll~PLL_OUTPUT_COUNTER|divclk'
Slack : 0.941
TNS   : 0.000

Type  : Slow 1100mV 0C Model Removal 'clk50'
Slack : 1.037
TNS   : 0.000

Type  : Slow 1100mV 0C Model Removal 'DE0_Nano_SOPC_inst|pll_0|altera_pll_i|general[2].gpll~PLL_OUTPUT_COUNTER|divclk'
Slack : 1.120
TNS   : 0.000

Type  : Slow 1100mV 0C Model Minimum Pulse Width 'DE0_Nano_SOPC_inst|pll_0|altera_pll_i|general[0].gpll~FRACTIONAL_PLL|vcoph[0]'
Slack : 1.666
TNS   : 0.000

Type  : Slow 1100mV 0C Model Minimum Pulse Width 'DE0_Nano_SOPC_inst|pll_0|altera_pll_i|general[0].gpll~PLL_OUTPUT_COUNTER|divclk'
Slack : 3.715
TNS   : 0.000

Type  : Slow 1100mV 0C Model Minimum Pulse Width 'clk50'
Slack : 8.801
TNS   : 0.000

Type  : Slow 1100mV 0C Model Minimum Pulse Width 'altera_reserved_tck'
Slack : 15.775
TNS   : 0.000

Type  : Slow 1100mV 0C Model Minimum Pulse Width 'DE0_Nano_SOPC_inst|pll_0|altera_pll_i|general[2].gpll~PLL_OUTPUT_COUNTER|divclk'
Slack : 48.749
TNS   : 0.000

Type  : Slow 1100mV 0C Model Minimum Pulse Width 'DE0_Nano_SOPC_inst|pll_0|altera_pll_i|general[4].gpll~PLL_OUTPUT_COUNTER|divclk'
Slack : 249.128
TNS   : 0.000

Type  : Fast 1100mV 85C Model Setup 'DE0_Nano_SOPC_inst|pll_0|altera_pll_i|general[0].gpll~PLL_OUTPUT_COUNTER|divclk'
Slack : 4.283
TNS   : 0.000

Type  : Fast 1100mV 85C Model Setup 'clk50'
Slack : 12.757
TNS   : 0.000

Type  : Fast 1100mV 85C Model Setup 'altera_reserved_tck'
Slack : 14.235
TNS   : 0.000

Type  : Fast 1100mV 85C Model Setup 'DE0_Nano_SOPC_inst|pll_0|altera_pll_i|general[4].gpll~PLL_OUTPUT_COUNTER|divclk'
Slack : 16.848
TNS   : 0.000

Type  : Fast 1100mV 85C Model Setup 'DE0_Nano_SOPC_inst|pll_0|altera_pll_i|general[2].gpll~PLL_OUTPUT_COUNTER|divclk'
Slack : 92.200
TNS   : 0.000

Type  : Fast 1100mV 85C Model Hold 'clk50'
Slack : -0.957
TNS   : -1.755

Type  : Fast 1100mV 85C Model Hold 'altera_reserved_tck'
Slack : 0.136
TNS   : 0.000

Type  : Fast 1100mV 85C Model Hold 'DE0_Nano_SOPC_inst|pll_0|altera_pll_i|general[2].gpll~PLL_OUTPUT_COUNTER|divclk'
Slack : 0.168
TNS   : 0.000

Type  : Fast 1100mV 85C Model Hold 'DE0_Nano_SOPC_inst|pll_0|altera_pll_i|general[0].gpll~PLL_OUTPUT_COUNTER|divclk'
Slack : 0.176
TNS   : 0.000

Type  : Fast 1100mV 85C Model Hold 'DE0_Nano_SOPC_inst|pll_0|altera_pll_i|general[4].gpll~PLL_OUTPUT_COUNTER|divclk'
Slack : 0.178
TNS   : 0.000

Type  : Fast 1100mV 85C Model Recovery 'DE0_Nano_SOPC_inst|pll_0|altera_pll_i|general[0].gpll~PLL_OUTPUT_COUNTER|divclk'
Slack : 6.671
TNS   : 0.000

Type  : Fast 1100mV 85C Model Recovery 'altera_reserved_tck'
Slack : 15.164
TNS   : 0.000

Type  : Fast 1100mV 85C Model Recovery 'clk50'
Slack : 17.479
TNS   : 0.000

Type  : Fast 1100mV 85C Model Recovery 'DE0_Nano_SOPC_inst|pll_0|altera_pll_i|general[2].gpll~PLL_OUTPUT_COUNTER|divclk'
Slack : 97.015
TNS   : 0.000

Type  : Fast 1100mV 85C Model Recovery 'DE0_Nano_SOPC_inst|pll_0|altera_pll_i|general[4].gpll~PLL_OUTPUT_COUNTER|divclk'
Slack : 99.094
TNS   : 0.000

Type  : Fast 1100mV 85C Model Removal 'altera_reserved_tck'
Slack : 0.467
TNS   : 0.000

Type  : Fast 1100mV 85C Model Removal 'DE0_Nano_SOPC_inst|pll_0|altera_pll_i|general[4].gpll~PLL_OUTPUT_COUNTER|divclk'
Slack : 0.492
TNS   : 0.000

Type  : Fast 1100mV 85C Model Removal 'DE0_Nano_SOPC_inst|pll_0|altera_pll_i|general[0].gpll~PLL_OUTPUT_COUNTER|divclk'
Slack : 0.560
TNS   : 0.000

Type  : Fast 1100mV 85C Model Removal 'clk50'
Slack : 0.623
TNS   : 0.000

Type  : Fast 1100mV 85C Model Removal 'DE0_Nano_SOPC_inst|pll_0|altera_pll_i|general[2].gpll~PLL_OUTPUT_COUNTER|divclk'
Slack : 0.707
TNS   : 0.000

Type  : Fast 1100mV 85C Model Minimum Pulse Width 'DE0_Nano_SOPC_inst|pll_0|altera_pll_i|general[0].gpll~FRACTIONAL_PLL|vcoph[0]'
Slack : 1.666
TNS   : 0.000

Type  : Fast 1100mV 85C Model Minimum Pulse Width 'DE0_Nano_SOPC_inst|pll_0|altera_pll_i|general[0].gpll~PLL_OUTPUT_COUNTER|divclk'
Slack : 3.873
TNS   : 0.000

Type  : Fast 1100mV 85C Model Minimum Pulse Width 'clk50'
Slack : 8.822
TNS   : 0.000

Type  : Fast 1100mV 85C Model Minimum Pulse Width 'altera_reserved_tck'
Slack : 15.740
TNS   : 0.000

Type  : Fast 1100mV 85C Model Minimum Pulse Width 'DE0_Nano_SOPC_inst|pll_0|altera_pll_i|general[2].gpll~PLL_OUTPUT_COUNTER|divclk'
Slack : 48.906
TNS   : 0.000

Type  : Fast 1100mV 85C Model Minimum Pulse Width 'DE0_Nano_SOPC_inst|pll_0|altera_pll_i|general[4].gpll~PLL_OUTPUT_COUNTER|divclk'
Slack : 249.517
TNS   : 0.000

Type  : Fast 1100mV 0C Model Setup 'DE0_Nano_SOPC_inst|pll_0|altera_pll_i|general[0].gpll~PLL_OUTPUT_COUNTER|divclk'
Slack : 4.849
TNS   : 0.000

Type  : Fast 1100mV 0C Model Setup 'clk50'
Slack : 13.515
TNS   : 0.000

Type  : Fast 1100mV 0C Model Setup 'altera_reserved_tck'
Slack : 14.491
TNS   : 0.000

Type  : Fast 1100mV 0C Model Setup 'DE0_Nano_SOPC_inst|pll_0|altera_pll_i|general[4].gpll~PLL_OUTPUT_COUNTER|divclk'
Slack : 17.112
TNS   : 0.000

Type  : Fast 1100mV 0C Model Setup 'DE0_Nano_SOPC_inst|pll_0|altera_pll_i|general[2].gpll~PLL_OUTPUT_COUNTER|divclk'
Slack : 93.126
TNS   : 0.000

Type  : Fast 1100mV 0C Model Hold 'clk50'
Slack : -0.955
TNS   : -1.759

Type  : Fast 1100mV 0C Model Hold 'altera_reserved_tck'
Slack : 0.109
TNS   : 0.000

Type  : Fast 1100mV 0C Model Hold 'DE0_Nano_SOPC_inst|pll_0|altera_pll_i|general[2].gpll~PLL_OUTPUT_COUNTER|divclk'
Slack : 0.158
TNS   : 0.000

Type  : Fast 1100mV 0C Model Hold 'DE0_Nano_SOPC_inst|pll_0|altera_pll_i|general[0].gpll~PLL_OUTPUT_COUNTER|divclk'
Slack : 0.162
TNS   : 0.000

Type  : Fast 1100mV 0C Model Hold 'DE0_Nano_SOPC_inst|pll_0|altera_pll_i|general[4].gpll~PLL_OUTPUT_COUNTER|divclk'
Slack : 0.170
TNS   : 0.000

Type  : Fast 1100mV 0C Model Recovery 'DE0_Nano_SOPC_inst|pll_0|altera_pll_i|general[0].gpll~PLL_OUTPUT_COUNTER|divclk'
Slack : 7.124
TNS   : 0.000

Type  : Fast 1100mV 0C Model Recovery 'altera_reserved_tck'
Slack : 15.370
TNS   : 0.000

Type  : Fast 1100mV 0C Model Recovery 'clk50'
Slack : 17.760
TNS   : 0.000

Type  : Fast 1100mV 0C Model Recovery 'DE0_Nano_SOPC_inst|pll_0|altera_pll_i|general[2].gpll~PLL_OUTPUT_COUNTER|divclk'
Slack : 97.397
TNS   : 0.000

Type  : Fast 1100mV 0C Model Recovery 'DE0_Nano_SOPC_inst|pll_0|altera_pll_i|general[4].gpll~PLL_OUTPUT_COUNTER|divclk'
Slack : 99.181
TNS   : 0.000

Type  : Fast 1100mV 0C Model Removal 'altera_reserved_tck'
Slack : 0.414
TNS   : 0.000

Type  : Fast 1100mV 0C Model Removal 'DE0_Nano_SOPC_inst|pll_0|altera_pll_i|general[4].gpll~PLL_OUTPUT_COUNTER|divclk'
Slack : 0.446
TNS   : 0.000

Type  : Fast 1100mV 0C Model Removal 'DE0_Nano_SOPC_inst|pll_0|altera_pll_i|general[0].gpll~PLL_OUTPUT_COUNTER|divclk'
Slack : 0.504
TNS   : 0.000

Type  : Fast 1100mV 0C Model Removal 'clk50'
Slack : 0.567
TNS   : 0.000

Type  : Fast 1100mV 0C Model Removal 'DE0_Nano_SOPC_inst|pll_0|altera_pll_i|general[2].gpll~PLL_OUTPUT_COUNTER|divclk'
Slack : 0.633
TNS   : 0.000

Type  : Fast 1100mV 0C Model Minimum Pulse Width 'DE0_Nano_SOPC_inst|pll_0|altera_pll_i|general[0].gpll~FRACTIONAL_PLL|vcoph[0]'
Slack : 1.666
TNS   : 0.000

Type  : Fast 1100mV 0C Model Minimum Pulse Width 'DE0_Nano_SOPC_inst|pll_0|altera_pll_i|general[0].gpll~PLL_OUTPUT_COUNTER|divclk'
Slack : 3.875
TNS   : 0.000

Type  : Fast 1100mV 0C Model Minimum Pulse Width 'clk50'
Slack : 8.812
TNS   : 0.000

Type  : Fast 1100mV 0C Model Minimum Pulse Width 'altera_reserved_tck'
Slack : 15.759
TNS   : 0.000

Type  : Fast 1100mV 0C Model Minimum Pulse Width 'DE0_Nano_SOPC_inst|pll_0|altera_pll_i|general[2].gpll~PLL_OUTPUT_COUNTER|divclk'
Slack : 48.903
TNS   : 0.000

Type  : Fast 1100mV 0C Model Minimum Pulse Width 'DE0_Nano_SOPC_inst|pll_0|altera_pll_i|general[4].gpll~PLL_OUTPUT_COUNTER|divclk'
Slack : 249.522
TNS   : 0.000

------------------------------------------------------------
